Component: ARM Compiler 5.06 update 5 (build 528) Tool: armlink [4d35e2]

==============================================================================

Section Cross References

    startup_stm32g030xx.o(RESET) refers to startup_stm32g030xx.o(STACK) for __initial_sp
    startup_stm32g030xx.o(RESET) refers to startup_stm32g030xx.o(.text) for Reset_Handler
    startup_stm32g030xx.o(RESET) refers to stm32g0xx_it.o(i.NMI_Handler) for NMI_Handler
    startup_stm32g030xx.o(RESET) refers to stm32g0xx_it.o(i.HardFault_Handler) for HardFault_Handler
    startup_stm32g030xx.o(RESET) refers to port.o(i.SVC_Handler) for SVC_Handler
    startup_stm32g030xx.o(RESET) refers to port.o(.emb_text) for PendSV_Handler
    startup_stm32g030xx.o(RESET) refers to port.o(i.SysTick_Handler) for SysTick_Handler
    startup_stm32g030xx.o(RESET) refers to stm32g0xx_it.o(i.EXTI4_15_IRQHandler) for EXTI4_15_IRQHandler
    startup_stm32g030xx.o(RESET) refers to stm32g0xx_it.o(i.TIM14_IRQHandler) for TIM14_IRQHandler
    startup_stm32g030xx.o(RESET) refers to stm32g0xx_it.o(i.USART1_IRQHandler) for USART1_IRQHandler
    startup_stm32g030xx.o(.text) refers to system_stm32g0xx.o(i.SystemInit) for SystemInit
    startup_stm32g030xx.o(.text) refers to entry.o(.ARM.Collect$$$$00000000) for __main
    lcddemo.o(i.Gui_DrawPoint) refers to lcddemo.o(i.Lcd_SetRegion) for Lcd_SetRegion
    lcddemo.o(i.Gui_DrawPoint) refers to lcddemo.o(i.sendCmd) for sendCmd
    lcddemo.o(i.Gui_DrawPoint) refers to lcddemo.o(i.send16Dat) for send16Dat
    lcddemo.o(i.Lcd_Clear) refers to lcddemo.o(i.Lcd_SetRegion) for Lcd_SetRegion
    lcddemo.o(i.Lcd_Clear) refers to lcddemo.o(i.sendCmd) for sendCmd
    lcddemo.o(i.Lcd_Clear) refers to lcddemo.o(i.send16Dat) for send16Dat
    lcddemo.o(i.Lcd_DispBmp) refers to lcddemo.o(i.Lcd_SetRegion) for Lcd_SetRegion
    lcddemo.o(i.Lcd_DispBmp) refers to lcddemo.o(i.sendCmd) for sendCmd
    lcddemo.o(i.Lcd_DispBmp) refers to lcddemo.o(i.send16Dat) for send16Dat
    lcddemo.o(i.Lcd_SetRegion) refers to lcddemo.o(i.sendCmd) for sendCmd
    lcddemo.o(i.Lcd_SetRegion) refers to lcddemo.o(i.send8Dat) for send8Dat
    lcddemo.o(i.dispAscii) refers to lcddemo.o(i.Lcd_SetRegion) for Lcd_SetRegion
    lcddemo.o(i.dispAscii) refers to lcddemo.o(i.sendCmd) for sendCmd
    lcddemo.o(i.dispAscii) refers to lcddemo.o(i.send16Dat) for send16Dat
    lcddemo.o(i.dispAscii) refers to charfont.o(.constdata) for Zk_ASCII8X16
    lcddemo.o(i.lcdDispStr) refers to strlen.o(.text) for strlen
    lcddemo.o(i.lcdDispStr) refers to lcddemo.o(i.dispAscii) for dispAscii
    lcddemo.o(i.lcdInit) refers to stm32g0xx_hal_gpio.o(i.HAL_GPIO_WritePin) for HAL_GPIO_WritePin
    lcddemo.o(i.lcdInit) refers to lcddemo.o(i.sendCmd) for sendCmd
    lcddemo.o(i.lcdInit) refers to stm32g0xx_hal.o(i.HAL_Delay) for HAL_Delay
    lcddemo.o(i.lcdInit) refers to lcddemo.o(i.send8Dat) for send8Dat
    lcddemo.o(i.lcdcaidan) refers to printf8.o(i.__0sprintf$8) for __2sprintf
    lcddemo.o(i.lcdcaidan) refers to lcddemo.o(i.Lcd_Clear) for Lcd_Clear
    lcddemo.o(i.lcdcaidan) refers to lcddemo.o(i.lcdDispStr) for lcdDispStr
    lcddemo.o(i.lcdcaidan) refers to lcddemo.o(.data) for .data
    lcddemo.o(i.lcdyemian) refers to memseta.o(.text) for __aeabi_memclr4
    lcddemo.o(i.lcdyemian) refers to stm32g0xx_hal_rtc.o(i.HAL_RTC_GetTime) for HAL_RTC_GetTime
    lcddemo.o(i.lcdyemian) refers to stm32g0xx_hal_rtc.o(i.HAL_RTC_GetDate) for HAL_RTC_GetDate
    lcddemo.o(i.lcdyemian) refers to printf8.o(i.__0sprintf$8) for __2sprintf
    lcddemo.o(i.lcdyemian) refers to lcddemo.o(i.lcdDispStr) for lcdDispStr
    lcddemo.o(i.lcdyemian) refers to rtc.o(.bss) for hrtc
    lcddemo.o(i.menu) refers to lcddemo.o(i.lcdcaidan) for lcdcaidan
    lcddemo.o(i.menu) refers to lcddemo.o(i.lcdDispStr) for lcdDispStr
    lcddemo.o(i.menu) refers to stm32g0xx_hal_gpio.o(i.HAL_GPIO_ReadPin) for HAL_GPIO_ReadPin
    lcddemo.o(i.menu) refers to stm32g0xx_hal.o(i.HAL_Delay) for HAL_Delay
    lcddemo.o(i.menu) refers to stm32g0xx_hal_adc.o(i.HAL_ADC_Start) for HAL_ADC_Start
    lcddemo.o(i.menu) refers to stm32g0xx_hal_adc.o(i.HAL_ADC_PollForConversion) for HAL_ADC_PollForConversion
    lcddemo.o(i.menu) refers to stm32g0xx_hal_adc.o(i.HAL_ADC_GetValue) for HAL_ADC_GetValue
    lcddemo.o(i.menu) refers to stm32g0xx_hal_adc.o(i.HAL_ADC_Stop) for HAL_ADC_Stop
    lcddemo.o(i.menu) refers to lcddemo.o(i.getKey) for getKey
    lcddemo.o(i.menu) refers to lcddemo.o(i.__ARM_common_switch8) for __ARM_common_switch8
    lcddemo.o(i.menu) refers to printf8.o(i.__0sprintf$8) for __2sprintf
    lcddemo.o(i.menu) refers to lcddemo.o(i.Lcd_Clear) for Lcd_Clear
    lcddemo.o(i.menu) refers to lcddemo.o(.data) for .data
    lcddemo.o(i.menu) refers to adc.o(.bss) for hadc1
    lcddemo.o(i.menu) refers to app_freertos.o(.data) for adcValue
    lcddemo.o(i.send16Dat) refers to stm32g0xx_hal_gpio.o(i.HAL_GPIO_WritePin) for HAL_GPIO_WritePin
[...]
    UARTEx_SetNbDataToProcess                0x080034fd   Thumb Code    62  stm32g0xx_hal_uart_ex.o(i.UARTEx_SetNbDataToProcess)
    i.UART_AdvFeatureConfig                  0x08003540   Section        0  stm32g0xx_hal_uart.o(i.UART_AdvFeatureConfig)
    i.UART_CheckIdleState                    0x0800360c   Section        0  stm32g0xx_hal_uart.o(i.UART_CheckIdleState)
    i.UART_DMAAbortOnError                   0x08003670   Section        0  stm32g0xx_hal_uart.o(i.UART_DMAAbortOnError)
    UART_DMAAbortOnError                     0x08003671   Thumb Code    20  stm32g0xx_hal_uart.o(i.UART_DMAAbortOnError)
    i.UART_EndRxTransfer                     0x08003684   Section        0  stm32g0xx_hal_uart.o(i.UART_EndRxTransfer)
    UART_EndRxTransfer                       0x08003685   Thumb Code    96  stm32g0xx_hal_uart.o(i.UART_EndRxTransfer)
    i.UART_SetConfig                         0x080036e8   Section        0  stm32g0xx_hal_uart.o(i.UART_SetConfig)
    i.UART_WaitOnFlagUntilTimeout            0x08003850   Section        0  stm32g0xx_hal_uart.o(i.UART_WaitOnFlagUntilTimeout)
    i.USART1_IRQHandler                      0x08003924   Section        0  stm32g0xx_it.o(i.USART1_IRQHandler)
    i.__0printf$8                            0x08003934   Section        0  printf8.o(i.__0printf$8)
    i.__0sprintf$8                           0x08003954   Section        0  printf8.o(i.__0sprintf$8)
    i.__ARM_common_switch8                   0x0800397c   Section        0  lcddemo.o(i.__ARM_common_switch8)
    i.__NVIC_SetPriority                     0x08003998   Section        0  stm32g0xx_hal_cortex.o(i.__NVIC_SetPriority)
    __NVIC_SetPriority                       0x08003999   Thumb Code    60  stm32g0xx_hal_cortex.o(i.__NVIC_SetPriority)
    i.__scatterload_copy                     0x080039dc   Section       14  handlers.o(i.__scatterload_copy)
    i.__scatterload_null                     0x080039ea   Section        2  handlers.o(i.__scatterload_null)
    i.__scatterload_zeroinit                 0x080039ec   Section       14  handlers.o(i.__scatterload_zeroinit)
    i._printf_core                           0x080039fc   Section        0  printf8.o(i._printf_core)
    _printf_core                             0x080039fd   Thumb Code  1020  printf8.o(i._printf_core)
    i._printf_post_padding                   0x08003e24   Section        0  printf8.o(i._printf_post_padding)
    _printf_post_padding                     0x08003e25   Thumb Code    32  printf8.o(i._printf_post_padding)
    i._printf_pre_padding                    0x08003e44   Section        0  printf8.o(i._printf_pre_padding)
    _printf_pre_padding                      0x08003e45   Thumb Code    44  printf8.o(i._printf_pre_padding)
    i._sputc                                 0x08003e70   Section        0  printf8.o(i._sputc)
    _sputc                                   0x08003e71   Thumb Code    10  printf8.o(i._sputc)
    i.delay_uss                              0x08003e7c   Section        0  dht.o(i.delay_uss)
    i.dht11get                               0x08003ea4   Section        0  dht.o(i.dht11get)
    i.dispAscii                              0x08003f14   Section        0  lcddemo.o(i.dispAscii)
    i.fputc                                  0x08003f68   Section        0  app_freertos.o(i.fputc)
    i.getKey                                 0x08003f88   Section        0  lcddemo.o(i.getKey)
    i.inHandlerMode                          0x08003fc0   Section        0  cmsis_os.o(i.inHandlerMode)
    inHandlerMode                            0x08003fc1   Thumb Code    12  cmsis_os.o(i.inHandlerMode)
    i.lcdDispStr                             0x08003fcc   Section        0  lcddemo.o(i.lcdDispStr)
    i.lcdInit                                0x08004004   Section        0  lcddemo.o(i.lcdInit)
    i.lcdcaidan                              0x0800404c   Section        0  lcddemo.o(i.lcdcaidan)
    i.lcdyemian                              0x080040d0   Section        0  lcddemo.o(i.lcdyemian)
    i.main                                   0x08004158   Section        0  main.o(i.main)
    i.makeFreeRtosPriority                   0x080041ac   Section        0  cmsis_os.o(i.makeFreeRtosPriority)
    makeFreeRtosPriority                     0x080041ad   Thumb Code    12  cmsis_os.o(i.makeFreeRtosPriority)
    i.menu                                   0x080041b8   Section        0  lcddemo.o(i.menu)
    i.osDelay                                0x08004330   Section        0  cmsis_os.o(i.osDelay)
    i.osKernelStart                          0x08004340   Section        0  cmsis_os.o(i.osKernelStart)
    i.osSemaphoreCreate                      0x0800434a   Section        0  cmsis_os.o(i.osSemaphoreCreate)
    i.osSemaphoreWait                        0x08004370   Section        0  cmsis_os.o(i.osSemaphoreWait)
    i.osThreadCreate                         0x080043d4   Section        0  cmsis_os.o(i.osThreadCreate)
    i.osTimerCreate                          0x08004404   Section        0  cmsis_os.o(i.osTimerCreate)
    i.prvAddCurrentTaskToDelayedList         0x08004428   Section        0  tasks.o(i.prvAddCurrentTaskToDelayedList)
    prvAddCurrentTaskToDelayedList           0x08004429   Thumb Code    78  tasks.o(i.prvAddCurrentTaskToDelayedList)
    i.prvAddNewTaskToReadyList               0x08004480   Section        0  tasks.o(i.prvAddNewTaskToReadyList)
    prvAddNewTaskToReadyList                 0x08004481   Thumb Code   176  tasks.o(i.prvAddNewTaskToReadyList)
    i.prvCheckForValidListAndQueue           0x08004538   Section        0  timers.o(i.prvCheckForValidListAndQueue)
    prvCheckForValidListAndQueue             0x08004539   Thumb Code    64  timers.o(i.prvCheckForValidListAndQueue)
    i.prvCopyDataFromQueue                   0x08004588   Section        0  queue.o(i.prvCopyDataFromQueue)
    prvCopyDataFromQueue                     0x08004589   Thumb Code    38  queue.o(i.prvCopyDataFromQueue)
    i.prvCopyDataToQueue                     0x080045ae   Section        0  queue.o(i.prvCopyDataToQueue)
    prvCopyDataToQueue                       0x080045af   Thumb Code   112  queue.o(i.prvCopyDataToQueue)
    i.prvDeleteTCB                           0x0800461e   Section        0  tasks.o(i.prvDeleteTCB)
    prvDeleteTCB                             0x0800461f   Thumb Code    18  tasks.o(i.prvDeleteTCB)
    i.prvHeapInit                            0x08004630   Section        0  heap_4.o(i.prvHeapInit)
    prvHeapInit                              0x08004631   Thumb Code    60  heap_4.o(i.prvHeapInit)
    i.prvIdleTask                            0x08004674   Section        0  tasks.o(i.prvIdleTask)
    prvIdleTask                              0x08004675   Thumb Code    64  tasks.o(i.prvIdleTask)
    i.prvInitialiseNewTask                   0x080046bc   Section        0  tasks.o(i.prvInitialiseNewTask)
    prvInitialiseNewTask                     0x080046bd   Thumb Code   138  tasks.o(i.prvInitialiseNewTask)
    i.prvInsertBlockIntoFreeList             0x08004748   Section        0  heap_4.o(i.prvInsertBlockIntoFreeList)
    prvInsertBlockIntoFreeList               0x08004749   Thumb Code    72  heap_4.o(i.prvInsertBlockIntoFreeList)
    i.prvInsertTimerInActiveList             0x08004794   Section        0  timers.o(i.prvInsertTimerInActiveList)
    prvInsertTimerInActiveList               0x08004795   Thumb Code    52  timers.o(i.prvInsertTimerInActiveList)
    i.prvIsQueueEmpty                        0x080047cc   Section        0  queue.o(i.prvIsQueueEmpty)
    prvIsQueueEmpty                          0x080047cd   Thumb Code    28  queue.o(i.prvIsQueueEmpty)
    i.prvProcessReceivedCommands             0x080047e8   Section        0  timers.o(i.prvProcessReceivedCommands)
    prvProcessReceivedCommands               0x080047e9   Thumb Code   214  timers.o(i.prvProcessReceivedCommands)
    i.prvProcessTimerOrBlockTask             0x080048c4   Section        0  timers.o(i.prvProcessTimerOrBlockTask)
    prvProcessTimerOrBlockTask               0x080048c5   Thumb Code   162  timers.o(i.prvProcessTimerOrBlockTask)
    i.prvResetNextTaskUnblockTime            0x0800496c   Section        0  tasks.o(i.prvResetNextTaskUnblockTime)
    prvResetNextTaskUnblockTime              0x0800496d   Thumb Code    28  tasks.o(i.prvResetNextTaskUnblockTime)
    i.prvSampleTimeNow                       0x0800498c   Section        0  timers.o(i.prvSampleTimeNow)
    prvSampleTimeNow                         0x0800498d   Thumb Code    36  timers.o(i.prvSampleTimeNow)
    i.prvSwitchTimerLists                    0x080049b4   Section        0  timers.o(i.prvSwitchTimerLists)
    prvSwitchTimerLists                      0x080049b5   Thumb Code    94  timers.o(i.prvSwitchTimerLists)
    i.prvTaskExitError                       0x08004a18   Section        0  port.o(i.prvTaskExitError)
    prvTaskExitError                         0x08004a19   Thumb Code    14  port.o(i.prvTaskExitError)
    i.prvTimerTask                           0x08004a2c   Section        0  timers.o(i.prvTimerTask)
    prvTimerTask                             0x08004a2d   Thumb Code    32  timers.o(i.prvTimerTask)
    i.prvUnlockQueue                         0x08004a50   Section        0  queue.o(i.prvUnlockQueue)
    prvUnlockQueue                           0x08004a51   Thumb Code   112  queue.o(i.prvUnlockQueue)
    i.pvPortMalloc                           0x08004ac0   Section        0  heap_4.o(i.pvPortMalloc)
    i.pvTaskIncrementMutexHeldCount          0x08004b78   Section        0  tasks.o(i.pvTaskIncrementMutexHeldCount)
    i.pxPortInitialiseStack                  0x08004b90   Section        0  port.o(i.pxPortInitialiseStack)
    i.readByte                               0x08004bb0   Section        0  dht.o(i.readByte)
    i.send16Dat                              0x08004bfc   Section        0  lcddemo.o(i.send16Dat)
    send16Dat                                0x08004bfd   Thumb Code    80  lcddemo.o(i.send16Dat)
    i.send8Dat                               0x08004c58   Section        0  lcddemo.o(i.send8Dat)
    send8Dat                                 0x08004c59   Thumb Code    54  lcddemo.o(i.send8Dat)
    i.sendCmd                                0x08004c9c   Section        0  lcddemo.o(i.sendCmd)
    sendCmd                                  0x08004c9d   Thumb Code    54  lcddemo.o(i.sendCmd)
    i.setInput                               0x08004ce0   Section        0  dht.o(i.setInput)
    i.setOutput                              0x08004d08   Section        0  dht.o(i.setOutput)
    i.shakehand                              0x08004d34   Section        0  dht.o(i.shakehand)
    i.uxListRemove                           0x08004d84   Section        0  list.o(i.uxListRemove)
    i.vListInitialise                        0x08004daa   Section        0  list.o(i.vListInitialise)
    i.vListInitialiseItem                    0x08004dc0   Section        0  list.o(i.vListInitialiseItem)
    i.vListInsert                            0x08004dc6   Section        0  list.o(i.vListInsert)
    i.vListInsertEnd                         0x08004df6   Section        0  list.o(i.vListInsertEnd)
    i.vPortEnterCritical                     0x08004e10   Section        0  port.o(i.vPortEnterCritical)
    i.vPortExitCritical                      0x08004e28   Section        0  port.o(i.vPortExitCritical)
    i.vPortFree                              0x08004e44   Section        0  heap_4.o(i.vPortFree)
    i.vPortSetupTimerInterrupt               0x08004e8c   Section        0  port.o(i.vPortSetupTimerInterrupt)
    i.vPortYield                             0x08004eb4   Section        0  port.o(i.vPortYield)
    i.vQueueAddToRegistry                    0x08004ecc   Section        0  queue.o(i.vQueueAddToRegistry)
    i.vQueueWaitForMessageRestricted         0x08004ef0   Section        0  queue.o(i.vQueueWaitForMessageRestricted)
    i.vTaskDelay                             0x08004f34   Section        0  tasks.o(i.vTaskDelay)
    i.vTaskInternalSetTimeOutState           0x08004f64   Section        0  tasks.o(i.vTaskInternalSetTimeOutState)
    i.vTaskMissedYield                       0x08004f74   Section        0  tasks.o(i.vTaskMissedYield)
    i.vTaskPlaceOnEventList                  0x08004f80   Section        0  tasks.o(i.vTaskPlaceOnEventList)
    i.vTaskPlaceOnEventListRestricted        0x08004fa4   Section        0  tasks.o(i.vTaskPlaceOnEventListRestricted)
    i.vTaskPriorityDisinheritAfterTimeout    0x08004fd4   Section        0  tasks.o(i.vTaskPriorityDisinheritAfterTimeout)
    i.vTaskStartScheduler                    0x08005044   Section        0  tasks.o(i.vTaskStartScheduler)
    i.vTaskSuspendAll                        0x08005098   Section        0  tasks.o(i.vTaskSuspendAll)
    i.vTaskSwitchContext                     0x080050a8   Section        0  tasks.o(i.vTaskSwitchContext)
    i.xPortStartScheduler                    0x08005100   Section        0  port.o(i.xPortStartScheduler)
    i.xQueueGenericCreate                    0x08005130   Section        0  queue.o(i.xQueueGenericCreate)
    i.xQueueGenericReset                     0x08005166   Section        0  queue.o(i.xQueueGenericReset)
    i.xQueueGenericSend                      0x080051d2   Section        0  queue.o(i.xQueueGenericSend)
    i.xQueueGenericSendFromISR               0x080052ea   Section        0  queue.o(i.xQueueGenericSendFromISR)
    i.xQueueReceive                          0x08005378   Section        0  queue.o(i.xQueueReceive)
    i.xQueueReceiveFromISR                   0x0800547a   Section        0  queue.o(i.xQueueReceiveFromISR)
    i.xQueueSemaphoreTake                    0x080054f2   Section        0  queue.o(i.xQueueSemaphoreTake)
    i.xTaskCheckForTimeOut                   0x08005634   Section        0  tasks.o(i.xTaskCheckForTimeOut)
    i.xTaskCreate                            0x08005690   Section        0  tasks.o(i.xTaskCreate)
    i.xTaskGetSchedulerState                 0x080056e0   Section        0  tasks.o(i.xTaskGetSchedulerState)
    i.xTaskGetTickCount                      0x08005700   Section        0  tasks.o(i.xTaskGetTickCount)
    i.xTaskIncrementTick                     0x0800570c   Section        0  tasks.o(i.xTaskIncrementTick)
    i.xTaskPriorityDisinherit                0x080057c8   Section        0  tasks.o(i.xTaskPriorityDisinherit)
    i.xTaskPriorityInherit                   0x08005830   Section        0  tasks.o(i.xTaskPriorityInherit)
    i.xTaskRemoveFromEventList               0x080058a8   Section        0  tasks.o(i.xTaskRemoveFromEventList)
    i.xTaskResumeAll                         0x0800590c   Section        0  tasks.o(i.xTaskResumeAll)
    i.xTimerCreate                           0x080059b8   Section        0  timers.o(i.xTimerCreate)
    i.xTimerCreateTimerTask                  0x08005a10   Section        0  timers.o(i.xTimerCreateTimerTask)
    i.xTimerGenericCommand                   0x08005a50   Section        0  timers.o(i.xTimerGenericCommand)
    .constdata                               0x08005aa0   Section     4097  charfont.o(.constdata)
    .constdata                               0x08006aa4   Section       64  app_freertos.o(.constdata)
    .constdata                               0x08006ae4   Section       24  stm32g0xx_hal_uart.o(.constdata)
    .constdata                               0x08006afc   Section       16  stm32g0xx_hal_uart_ex.o(.constdata)
    numerator                                0x08006afc   Data           8  stm32g0xx_hal_uart_ex.o(.constdata)
    denominator                              0x08006b04   Data           8  stm32g0xx_hal_uart_ex.o(.constdata)
    .constdata                               0x08006b0c   Section       64  system_stm32g0xx.o(.constdata)
    .constdata                               0x08006b4c   Section       32  system_stm32g0xx.o(.constdata)
    .conststring                             0x08006b6c   Section       36  app_freertos.o(.conststring)
    .data                                    0x20000000   Section       80  lcddemo.o(.data)
    .data                                    0x20000050   Section        1  main.o(.data)
    .data                                    0x20000054   Section       36  app_freertos.o(.data)
    .data                                    0x20000078   Section       12  stm32g0xx_hal.o(.data)
    .data                                    0x20000084   Section        4  system_stm32g0xx.o(.data)
    .data                                    0x20000088   Section       60  tasks.o(.data)
    uxDeletedTasksWaitingCleanUp             0x2000008c   Data           4  tasks.o(.data)
    uxCurrentNumberOfTasks                   0x20000090   Data           4  tasks.o(.data)
    xTickCount                               0x20000094   Data           4  tasks.o(.data)
    uxTopReadyPriority                       0x20000098   Data           4  tasks.o(.data)
    xSchedulerRunning                        0x2000009c   Data           4  tasks.o(.data)
    xPendedTicks                             0x200000a0   Data           4  tasks.o(.data)
    xYieldPending                            0x200000a4   Data           4  tasks.o(.data)
    xNumOfOverflows                          0x200000a8   Data           4  tasks.o(.data)
    uxTaskNumber                             0x200000ac   Data           4  tasks.o(.data)
    xNextTaskUnblockTime                     0x200000b0   Data           4  tasks.o(.data)
    xIdleTaskHandle                          0x200000b4   Data           4  tasks.o(.data)
    uxSchedulerSuspended                     0x200000b8   Data           4  tasks.o(.data)
    pxDelayedTaskList                        0x200000bc   Data           4  tasks.o(.data)
    pxOverflowDelayedTaskList                0x200000c0   Data           4  tasks.o(.data)
    .data                                    0x200000c4   Section       20  timers.o(.data)
    xTimerQueue                              0x200000c4   Data           4  timers.o(.data)
    xTimerTaskHandle                         0x200000c8   Data           4  timers.o(.data)
    xLastTime                                0x200000cc   Data           4  timers.o(.data)
    pxCurrentTimerList                       0x200000d0   Data           4  timers.o(.data)
    pxOverflowTimerList                      0x200000d4   Data           4  timers.o(.data)
    .data                                    0x200000d8   Section       32  heap_4.o(.data)
    pxEnd                                    0x200000d8   Data           4  heap_4.o(.data)
    xFreeBytesRemaining                      0x200000dc   Data           4  heap_4.o(.data)
    xMinimumEverFreeBytesRemaining           0x200000e0   Data           4  heap_4.o(.data)
    xNumberOfSuccessfulAllocations           0x200000e4   Data           4  heap_4.o(.data)
    xNumberOfSuccessfulFrees                 0x200000e8   Data           4  heap_4.o(.data)
    xBlockAllocatedBit                       0x200000ec   Data           4  heap_4.o(.data)
    xStart                                   0x200000f0   Data           8  heap_4.o(.data)
    .data                                    0x200000f8   Section        4  port.o(.data)
    uxCriticalNesting                        0x200000f8   Data           4  port.o(.data)
    .data                                    0x200000fc   Section        4  stdout.o(.data)
    .bss                                     0x20000100   Section      100  adc.o(.bss)
    .bss                                     0x20000164   Section       44  rtc.o(.bss)
    .bss                                     0x20000190   Section      100  spi.o(.bss)
    .bss                                     0x200001f4   Section      152  tim.o(.bss)
    .bss                                     0x2000028c   Section      296  usart.o(.bss)
    .bss                                     0x200003b4   Section       76  stm32g0xx_hal_timebase_tim.o(.bss)
    .bss                                     0x20000400   Section       64  queue.o(.bss)
    .bss                                     0x20000440   Section      240  tasks.o(.bss)
    pxReadyTasksLists                        0x20000440   Data         140  tasks.o(.bss)
    xDelayedTaskList1                        0x200004cc   Data          20  tasks.o(.bss)
    xDelayedTaskList2                        0x200004e0   Data          20  tasks.o(.bss)
    xPendingReadyList                        0x200004f4   Data          20  tasks.o(.bss)
    xTasksWaitingTermination                 0x20000508   Data          20  tasks.o(.bss)
    xSuspendedTaskList                       0x2000051c   Data          20  tasks.o(.bss)
    .bss                                     0x20000530   Section       40  timers.o(.bss)
    xActiveTimerList1                        0x20000530   Data          20  timers.o(.bss)
    xActiveTimerList2                        0x20000544   Data          20  timers.o(.bss)
    .bss                                     0x20000558   Section     4096  heap_4.o(.bss)
    ucHeap                                   0x20000558   Data        4096  heap_4.o(.bss)
    STACK                                    0x20001558   Section     1024  startup_stm32g030xx.o(STACK)

    Global Symbols

    Symbol Name                              Value     Ov Type        Size  Object(Section)

    BuildAttributes$$THM_ISAv3M$S$PE$A:L22$X:L11$S22$IEEE1$IW$USESV6$~STKCKD$USESV7$~SHL$OSPACE$ROPI$EBA8$MICROLIB$REQ8$PRES8$EABIv2 0x00000000   Number         0  anon$$obj.o ABSOLUTE
    __ARM_use_no_argv                        0x00000000   Number         0  main.o ABSOLUTE
    _printf_a                                0x00000000   Number         0  stubs.o ABSOLUTE
    _printf_c                                0x00000000   Number         0  stubs.o ABSOLUTE
    _printf_charcount                        0x00000000   Number         0  stubs.o ABSOLUTE
    _printf_d                                0x00000000   Number         0  stubs.o ABSOLUTE
    _printf_e                                0x00000000   Number         0  stubs.o ABSOLUTE
    _printf_f                                0x00000000   Number         0  stubs.o ABSOLUTE
    _printf_flags                            0x00000000   Number         0  stubs.o ABSOLUTE
    _printf_fp_dec                           0x00000000   Number         0  stubs.o ABSOLUTE
    _printf_fp_hex                           0x00000000   Number         0  stubs.o ABSOLUTE
    _printf_g                                0x00000000   Number         0  stubs.o ABSOLUTE
    _printf_i                                0x00000000   Number         0  stubs.o ABSOLUTE
    _printf_int_dec                          0x00000000   Number         0  stubs.o ABSOLUTE
    _printf_l                                0x00000000   Number         0  stubs.o ABSOLUTE
    _printf_lc                               0x00000000   Number         0  stubs.o ABSOLUTE
    _printf_ll                               0x00000000   Number         0  stubs.o ABSOLUTE
    _printf_lld                              0x00000000   Number         0  stubs.o ABSOLUTE
    _printf_lli                              0x00000000   Number         0  stubs.o ABSOLUTE
    _printf_llo                              0x00000000   Number         0  stubs.o ABSOLUTE
    _printf_llu                              0x00000000   Number         0  stubs.o ABSOLUTE
    _printf_llx                              0x00000000   Number         0  stubs.o ABSOLUTE
    _printf_longlong_dec                     0x00000000   Number         0  stubs.o ABSOLUTE
    _printf_longlong_hex                     0x00000000   Number         0  stubs.o ABSOLUTE
    _printf_longlong_oct                     0x00000000   Number         0  stubs.o ABSOLUTE
    _printf_ls                               0x00000000   Number         0  stubs.o ABSOLUTE
    _printf_mbtowc                           0x00000000   Number         0  stubs.o ABSOLUTE
    _printf_n                                0x00000000   Number         0  stubs.o ABSOLUTE
    _printf_o                                0x00000000   Number         0  stubs.o ABSOLUTE
    _printf_p                                0x00000000   Number         0  stubs.o ABSOLUTE
    _printf_percent                          0x00000000   Number         0  stubs.o ABSOLUTE
    _printf_pre_padding                      0x00000000   Number         0  stubs.o ABSOLUTE
    _printf_return_value                     0x00000000   Number         0  stubs.o ABSOLUTE
    _printf_s                                0x00000000   Number         0  stubs.o ABSOLUTE
    _printf_sizespec                         0x00000000   Number         0  stubs.o ABSOLUTE
    _printf_str                              0x00000000   Number         0  stubs.o ABSOLUTE
    _printf_truncate_signed                  0x00000000   Number         0  stubs.o ABSOLUTE
    _printf_truncate_unsigned                0x00000000   Number         0  stubs.o ABSOLUTE
    _printf_u                                0x00000000   Number         0  stubs.o ABSOLUTE
    _printf_wc                               0x00000000   Number         0  stubs.o ABSOLUTE
    _printf_wctomb                           0x00000000   Number         0  stubs.o ABSOLUTE
    _printf_widthprec                        0x00000000   Number         0  stubs.o ABSOLUTE
    _printf_x                                0x00000000   Number         0  stubs.o ABSOLUTE
    __cpp_initialize__aeabi_                  - Undefined Weak Reference
    __cxa_finalize                            - Undefined Weak Reference
    __decompress                              - Undefined Weak Reference
    _clock_init                               - Undefined Weak Reference
    _microlib_exit                            - Undefined Weak Reference
    __Vectors_Size                           0x000000c0   Number         0  startup_stm32g030xx.o ABSOLUTE
    __Vectors                                0x08000000   Data           4  startup_stm32g030xx.o(RESET)
    __Vectors_End                            0x080000c0   Data           0  startup_stm32g030xx.o(RESET)
    __main                                   0x080000c1   Thumb Code     0  entry.o(.ARM.Collect$$$$00000000)
    _main_stk                                0x080000c1   Thumb Code     0  entry2.o(.ARM.Collect$$$$00000001)
    _main_scatterload                        0x080000c5   Thumb Code     0  entry5.o(.ARM.Collect$$$$00000004)
    __main_after_scatterload                 0x080000c9   Thumb Code     0  entry5.o(.ARM.Collect$$$$00000004)
    _main_clock                              0x080000c9   Thumb Code     0  entry7b.o(.ARM.Collect$$$$00000008)
    _main_cpp_init                           0x080000c9   Thumb Code     0  entry8b.o(.ARM.Collect$$$$0000000A)
    _main_init                               0x080000c9   Thumb Code     0  entry9a.o(.ARM.Collect$$$$0000000B)
    __rt_final_cpp                           0x080000d1   Thumb Code     0  entry10a.o(.ARM.Collect$$$$0000000D)
    __rt_final_exit                          0x080000d1   Thumb Code     0  entry11a.o(.ARM.Collect$$$$0000000F)
    __asm___6_port_c_39a90d8d__prvPortStartFirstTask 0x080000d5   Thumb Code    36  port.o(.emb_text)
    ulSetInterruptMaskFromISR                0x080000fd   Thumb Code     8  port.o(.emb_text)
    vClearInterruptMaskFromISR               0x08000105   Thumb Code     6  port.o(.emb_text)
    PendSV_Handler                           0x0800010b   Thumb Code    62  port.o(.emb_text)
    Reset_Handler                            0x0800014d   Thumb Code     8  startup_stm32g030xx.o(.text)
    ADC1_IRQHandler                          0x0800015f   Thumb Code     0  startup_stm32g030xx.o(.text)
    DMA1_Ch4_5_DMAMUX1_OVR_IRQHandler        0x0800015f   Thumb Code     0  startup_stm32g030xx.o(.text)
    DMA1_Channel1_IRQHandler                 0x0800015f   Thumb Code     0  startup_stm32g030xx.o(.text)
    DMA1_Channel2_3_IRQHandler               0x0800015f   Thumb Code     0  startup_stm32g030xx.o(.text)
    EXTI0_1_IRQHandler                       0x0800015f   Thumb Code     0  startup_stm32g030xx.o(.text)
    EXTI2_3_IRQHandler                       0x0800015f   Thumb Code     0  startup_stm32g030xx.o(.text)
    FLASH_IRQHandler                         0x0800015f   Thumb Code     0  startup_stm32g030xx.o(.text)
    I2C1_IRQHandler                          0x0800015f   Thumb Code     0  startup_stm32g030xx.o(.text)
    I2C2_IRQHandler                          0x0800015f   Thumb Code     0  startup_stm32g030xx.o(.text)
    RCC_IRQHandler                           0x0800015f   Thumb Code     0  startup_stm32g030xx.o(.text)
    RTC_TAMP_IRQHandler                      0x0800015f   Thumb Code     0  startup_stm32g030xx.o(.text)
    SPI1_IRQHandler                          0x0800015f   Thumb Code     0  startup_stm32g030xx.o(.text)
    SPI2_IRQHandler                          0x0800015f   Thumb Code     0  startup_stm32g030xx.o(.text)
    TIM16_IRQHandler                         0x0800015f   Thumb Code     0  startup_stm32g030xx.o(.text)
    TIM17_IRQHandler                         0x0800015f   Thumb Code     0  startup_stm32g030xx.o(.text)
    TIM1_BRK_UP_TRG_COM_IRQHandler           0x0800015f   Thumb Code     0  startup_stm32g030xx.o(.text)
    TIM1_CC_IRQHandler                       0x0800015f   Thumb Code     0  startup_stm32g030xx.o(.text)
    TIM3_IRQHandler                          0x0800015f   Thumb Code     0  startup_stm32g030xx.o(.text)
    USART2_IRQHandler                        0x0800015f   Thumb Code     0  startup_stm32g030xx.o(.text)
    WWDG_IRQHandler                          0x0800015f   Thumb Code     0  startup_stm32g030xx.o(.text)
    __aeabi_uidiv                            0x08000169   Thumb Code     0  uidiv.o(.text)
    __aeabi_uidivmod                         0x08000169   Thumb Code    44  uidiv.o(.text)
    __aeabi_memcpy                           0x08000195   Thumb Code    36  memcpya.o(.text)
    __aeabi_memcpy4                          0x08000195   Thumb Code     0  memcpya.o(.text)
    __aeabi_memcpy8                          0x08000195   Thumb Code     0  memcpya.o(.text)
    __aeabi_memset                           0x080001b9   Thumb Code    14  memseta.o(.text)
    __aeabi_memset4                          0x080001b9   Thumb Code     0  memseta.o(.text)
    __aeabi_memset8                          0x080001b9   Thumb Code     0  memseta.o(.text)
    __aeabi_memclr                           0x080001c7   Thumb Code     4  memseta.o(.text)
    __aeabi_memclr4                          0x080001c7   Thumb Code     0  memseta.o(.text)
    __aeabi_memclr8                          0x080001c7   Thumb Code     0  memseta.o(.text)
    memset                                   0x080001cb   Thumb Code    18  memseta.o(.text)
    strlen                                   0x080001dd   Thumb Code    14  strlen.o(.text)
    __aeabi_uldivmod                         0x080001eb   Thumb Code    96  uldiv.o(.text)
    __scatterload                            0x0800024d   Thumb Code    28  init.o(.text)
    __scatterload_rt2                        0x0800024d   Thumb Code     0  init.o(.text)
    __aeabi_llsl                             0x08000271   Thumb Code    32  llshl.o(.text)
    _ll_shift_l                              0x08000271   Thumb Code     0  llshl.o(.text)
    __aeabi_llsr                             0x08000291   Thumb Code    34  llushr.o(.text)
    _ll_ushift_r                             0x08000291   Thumb Code     0  llushr.o(.text)
    ADC_ConversionStop                       0x080002b5   Thumb Code    92  stm32g0xx_hal_adc.o(i.ADC_ConversionStop)
    ADC_Disable                              0x08000315   Thumb Code   110  stm32g0xx_hal_adc.o(i.ADC_Disable)
    ADC_Enable                               0x08000389   Thumb Code   162  stm32g0xx_hal_adc.o(i.ADC_Enable)
    Callback01                               0x0800043d   Thumb Code     2  app_freertos.o(i.Callback01)
    EXTI4_15_IRQHandler                      0x0800043f   Thumb Code    12  stm32g0xx_it.o(i.EXTI4_15_IRQHandler)
    Error_Handler                            0x0800044b   Thumb Code     4  main.o(i.Error_Handler)
    HAL_ADCEx_Calibration_Start              0x08000451   Thumb Code   282  stm32g0xx_hal_adc_ex.o(i.HAL_ADCEx_Calibration_Start)
    HAL_ADC_ConfigChannel                    0x08000579   Thumb Code   522  stm32g0xx_hal_adc.o(i.HAL_ADC_ConfigChannel)
    HAL_ADC_GetValue                         0x0800079d   Thumb Code     6  stm32g0xx_hal_adc.o(i.HAL_ADC_GetValue)
    HAL_ADC_Init                             0x080007a5   Thumb Code   514  stm32g0xx_hal_adc.o(i.HAL_ADC_Init)
    HAL_ADC_MspInit                          0x080009c5   Thumb Code    82  adc.o(i.HAL_ADC_MspInit)
    HAL_ADC_PollForConversion                0x08000a21   Thumb Code   196  stm32g0xx_hal_adc.o(i.HAL_ADC_PollForConversion)
    HAL_ADC_Start                            0x08000ae5   Thumb Code    94  stm32g0xx_hal_adc.o(i.HAL_ADC_Start)
    HAL_ADC_Stop                             0x08000b4d   Thumb Code    62  stm32g0xx_hal_adc.o(i.HAL_ADC_Stop)
    HAL_DMA_Abort                            0x08000b8d   Thumb Code   112  stm32g0xx_hal_dma.o(i.HAL_DMA_Abort)
    HAL_DMA_Abort_IT                         0x08000c01   Thumb Code   118  stm32g0xx_hal_dma.o(i.HAL_DMA_Abort_IT)
    HAL_Delay                                0x08000c7d   Thumb Code    32  stm32g0xx_hal.o(i.HAL_Delay)
    HAL_GPIO_EXTI_Falling_Callback           0x08000ca1   Thumb Code     2  stm32g0xx_hal_gpio.o(i.HAL_GPIO_EXTI_Falling_Callback)
    HAL_GPIO_EXTI_IRQHandler                 0x08000ca5   Thumb Code    36  stm32g0xx_hal_gpio.o(i.HAL_GPIO_EXTI_IRQHandler)
    HAL_GPIO_EXTI_Rising_Callback            0x08000ccd   Thumb Code    14  main.o(i.HAL_GPIO_EXTI_Rising_Callback)
    HAL_GPIO_Init                            0x08000ce1   Thumb Code   330  stm32g0xx_hal_gpio.o(i.HAL_GPIO_Init)
    HAL_GPIO_ReadPin                         0x08000e3d   Thumb Code    10  stm32g0xx_hal_gpio.o(i.HAL_GPIO_ReadPin)
    HAL_GPIO_TogglePin                       0x08000e47   Thumb Code    16  stm32g0xx_hal_gpio.o(i.HAL_GPIO_TogglePin)
    HAL_GPIO_WritePin                        0x08000e57   Thumb Code    12  stm32g0xx_hal_gpio.o(i.HAL_GPIO_WritePin)
    HAL_GetTick                              0x08000e65   Thumb Code     6  stm32g0xx_hal.o(i.HAL_GetTick)
    HAL_IncTick                              0x08000e71   Thumb Code    12  stm32g0xx_hal.o(i.HAL_IncTick)
    HAL_Init                                 0x08000e81   Thumb Code    36  stm32g0xx_hal.o(i.HAL_Init)
    HAL_InitTick                             0x08000ea9   Thumb Code   132  stm32g0xx_hal_timebase_tim.o(i.HAL_InitTick)
    HAL_MspInit                              0x08000f45   Thumb Code    48  stm32g0xx_hal_msp.o(i.HAL_MspInit)
    HAL_NVIC_EnableIRQ                       0x08000f79   Thumb Code    18  stm32g0xx_hal_cortex.o(i.HAL_NVIC_EnableIRQ)
    HAL_NVIC_SetPriority                     0x08000f91   Thumb Code     8  stm32g0xx_hal_cortex.o(i.HAL_NVIC_SetPriority)
    HAL_PWREx_ControlVoltageScaling          0x08000f99   Thumb Code    62  stm32g0xx_hal_pwr_ex.o(i.HAL_PWREx_ControlVoltageScaling)
    HAL_RCCEx_PeriphCLKConfig                0x08000fe5   Thumb Code   320  stm32g0xx_hal_rcc_ex.o(i.HAL_RCCEx_PeriphCLKConfig)
    HAL_RCC_ClockConfig                      0x08001131   Thumb Code   318  stm32g0xx_hal_rcc.o(i.HAL_RCC_ClockConfig)
    HAL_RCC_GetClockConfig                   0x08001289   Thumb Code    48  stm32g0xx_hal_rcc.o(i.HAL_RCC_GetClockConfig)
    HAL_RCC_GetPCLK1Freq                     0x080012c1   Thumb Code    26  stm32g0xx_hal_rcc.o(i.HAL_RCC_GetPCLK1Freq)
    HAL_RCC_GetSysClockFreq                  0x080012e9   Thumb Code   130  stm32g0xx_hal_rcc.o(i.HAL_RCC_GetSysClockFreq)
    HAL_RCC_OscConfig                        0x08001375   Thumb Code   946  stm32g0xx_hal_rcc.o(i.HAL_RCC_OscConfig)
    HAL_RTC_GetDate                          0x0800174d   Thumb Code    68  stm32g0xx_hal_rtc.o(i.HAL_RTC_GetDate)
    HAL_RTC_GetTime                          0x08001791   Thumb Code    82  stm32g0xx_hal_rtc.o(i.HAL_RTC_GetTime)
    HAL_RTC_Init                             0x080017e9   Thumb Code   172  stm32g0xx_hal_rtc.o(i.HAL_RTC_Init)
    HAL_RTC_MspInit                          0x08001899   Thumb Code    80  rtc.o(i.HAL_RTC_MspInit)
    HAL_RTC_SetDate                          0x080018f1   Thumb Code   152  stm32g0xx_hal_rtc.o(i.HAL_RTC_SetDate)
    HAL_RTC_SetTime                          0x0800198d   Thumb Code   188  stm32g0xx_hal_rtc.o(i.HAL_RTC_SetTime)
    HAL_RTC_WaitForSynchro                   0x08001a4d   Thumb Code    52  stm32g0xx_hal_rtc.o(i.HAL_RTC_WaitForSynchro)
    HAL_SPI_Init                             0x08001a81   Thumb Code   238  stm32g0xx_hal_spi.o(i.HAL_SPI_Init)
    HAL_SPI_MspInit                          0x08001b71   Thumb Code    82  spi.o(i.HAL_SPI_MspInit)
    HAL_SPI_Transmit                         0x08001bd1   Thumb Code   352  stm32g0xx_hal_spi.o(i.HAL_SPI_Transmit)
    HAL_TIMEx_Break2Callback                 0x08001d31   Thumb Code     2  stm32g0xx_hal_tim_ex.o(i.HAL_TIMEx_Break2Callback)
    HAL_TIMEx_BreakCallback                  0x08001d33   Thumb Code     2  stm32g0xx_hal_tim_ex.o(i.HAL_TIMEx_BreakCallback)
    HAL_TIMEx_CommutCallback                 0x08001d35   Thumb Code     2  stm32g0xx_hal_tim_ex.o(i.HAL_TIMEx_CommutCallback)
    HAL_TIMEx_MasterConfigSynchronization    0x08001d39   Thumb Code    90  stm32g0xx_hal_tim_ex.o(i.HAL_TIMEx_MasterConfigSynchronization)
    HAL_TIM_Base_Init                        0x08001d9d   Thumb Code    76  stm32g0xx_hal_tim.o(i.HAL_TIM_Base_Init)
    HAL_TIM_Base_MspInit                     0x08001de9   Thumb Code    30  tim.o(i.HAL_TIM_Base_MspInit)
    HAL_TIM_Base_Start                       0x08001e11   Thumb Code    60  stm32g0xx_hal_tim.o(i.HAL_TIM_Base_Start)
    HAL_TIM_Base_Start_IT                    0x08001e59   Thumb Code    68  stm32g0xx_hal_tim.o(i.HAL_TIM_Base_Start_IT)
    HAL_TIM_Base_Stop                        0x08001ea9   Thumb Code    36  stm32g0xx_hal_tim.o(i.HAL_TIM_Base_Stop)
    HAL_TIM_IC_CaptureCallback               0x08001ed1   Thumb Code     2  stm32g0xx_hal_tim.o(i.HAL_TIM_IC_CaptureCallback)
    HAL_TIM_IRQHandler                       0x08001ed5   Thumb Code   382  stm32g0xx_hal_tim.o(i.HAL_TIM_IRQHandler)
    HAL_TIM_MspPostInit                      0x08002059   Thumb Code    64  tim.o(i.HAL_TIM_MspPostInit)
    HAL_TIM_OC_DelayElapsedCallback          0x080020a5   Thumb Code     2  stm32g0xx_hal_tim.o(i.HAL_TIM_OC_DelayElapsedCallback)
    HAL_TIM_PWM_ConfigChannel                0x080020a7   Thumb Code   296  stm32g0xx_hal_tim.o(i.HAL_TIM_PWM_ConfigChannel)
    HAL_TIM_PWM_Init                         0x080021cf   Thumb Code    76  stm32g0xx_hal_tim.o(i.HAL_TIM_PWM_Init)
    HAL_TIM_PWM_MspInit                      0x0800221d   Thumb Code    28  tim.o(i.HAL_TIM_PWM_MspInit)
    HAL_TIM_PWM_PulseFinishedCallback        0x08002241   Thumb Code     2  stm32g0xx_hal_tim.o(i.HAL_TIM_PWM_PulseFinishedCallback)
    HAL_TIM_PWM_Start                        0x08002245   Thumb Code   172  stm32g0xx_hal_tim.o(i.HAL_TIM_PWM_Start)
    HAL_TIM_PeriodElapsedCallback            0x08002305   Thumb Code    16  main.o(i.HAL_TIM_PeriodElapsedCallback)
    HAL_TIM_TriggerCallback                  0x08002319   Thumb Code     2  stm32g0xx_hal_tim.o(i.HAL_TIM_TriggerCallback)
    HAL_UARTEx_DisableFifoMode               0x0800231b   Thumb Code    60  stm32g0xx_hal_uart_ex.o(i.HAL_UARTEx_DisableFifoMode)
    HAL_UARTEx_RxEventCallback               0x08002357   Thumb Code     2  stm32g0xx_hal_uart.o(i.HAL_UARTEx_RxEventCallback)
    HAL_UARTEx_RxFifoFullCallback            0x08002359   Thumb Code     2  stm32g0xx_hal_uart_ex.o(i.HAL_UARTEx_RxFifoFullCallback)
    HAL_UARTEx_SetRxFifoThreshold            0x0800235b   Thumb Code    72  stm32g0xx_hal_uart_ex.o(i.HAL_UARTEx_SetRxFifoThreshold)
    HAL_UARTEx_SetTxFifoThreshold            0x080023a3   Thumb Code    70  stm32g0xx_hal_uart_ex.o(i.HAL_UARTEx_SetTxFifoThreshold)
    HAL_UARTEx_TxFifoEmptyCallback           0x080023e9   Thumb Code     2  stm32g0xx_hal_uart_ex.o(i.HAL_UARTEx_TxFifoEmptyCallback)
    HAL_UARTEx_WakeupCallback                0x080023eb   Thumb Code     2  stm32g0xx_hal_uart_ex.o(i.HAL_UARTEx_WakeupCallback)
    HAL_UART_ErrorCallback                   0x080023ed   Thumb Code     2  stm32g0xx_hal_uart.o(i.HAL_UART_ErrorCallback)
    HAL_UART_IRQHandler                      0x080023f1   Thumb Code   734  stm32g0xx_hal_uart.o(i.HAL_UART_IRQHandler)
    HAL_UART_Init                            0x080026e1   Thumb Code   108  stm32g0xx_hal_uart.o(i.HAL_UART_Init)
    HAL_UART_MspInit                         0x0800274d   Thumb Code   194  usart.o(i.HAL_UART_MspInit)
    HAL_UART_Transmit                        0x0800281d   Thumb Code   202  stm32g0xx_hal_uart.o(i.HAL_UART_Transmit)
    HAL_UART_TxCpltCallback                  0x080028e7   Thumb Code     2  stm32g0xx_hal_uart.o(i.HAL_UART_TxCpltCallback)
    HardFault_Handler                        0x080028e9   Thumb Code     2  stm32g0xx_it.o(i.HardFault_Handler)
    Lcd_Clear                                0x08002937   Thumb Code    42  lcddemo.o(i.Lcd_Clear)
    MX_ADC1_Init                             0x080029b1   Thumb Code    96  adc.o(i.MX_ADC1_Init)
    MX_FREERTOS_Init                         0x08002a19   Thumb Code   120  app_freertos.o(i.MX_FREERTOS_Init)
    MX_GPIO_Init                             0x08002a99   Thumb Code   172  gpio.o(i.MX_GPIO_Init)
    MX_RTC_Init                              0x08002b4d   Thumb Code   130  rtc.o(i.MX_RTC_Init)
    MX_SPI1_Init                             0x08002bd9   Thumb Code    68  spi.o(i.MX_SPI1_Init)
    MX_TIM16_Init                            0x08002c25   Thumb Code    40  tim.o(i.MX_TIM16_Init)
    MX_TIM3_Init                             0x08002c59   Thumb Code   114  tim.o(i.MX_TIM3_Init)
    MX_USART1_UART_Init                      0x08002cd5   Thumb Code    96  usart.o(i.MX_USART1_UART_Init)
    MX_USART2_UART_Init                      0x08002d3d   Thumb Code    50  usart.o(i.MX_USART2_UART_Init)
    NMI_Handler                              0x08002d79   Thumb Code     2  stm32g0xx_it.o(i.NMI_Handler)
    RTC_Bcd2ToByte                           0x08002d7b   Thumb Code    16  stm32g0xx_hal_rtc.o(i.RTC_Bcd2ToByte)
    RTC_ByteToBcd2                           0x08002d8b   Thumb Code    24  stm32g0xx_hal_rtc.o(i.RTC_ByteToBcd2)
    RTC_EnterInitMode                        0x08002da3   Thumb Code    68  stm32g0xx_hal_rtc.o(i.RTC_EnterInitMode)
    RTC_ExitInitMode                         0x08002de9   Thumb Code    74  stm32g0xx_hal_rtc.o(i.RTC_ExitInitMode)
    SVC_Handler                              0x08003015   Thumb Code     2  port.o(i.SVC_Handler)
    StartDefaultTask                         0x08003019   Thumb Code   154  app_freertos.o(i.StartDefaultTask)
    StartTask02                              0x080030c9   Thumb Code    58  app_freertos.o(i.StartTask02)
    StartTask03                              0x0800310d   Thumb Code    22  app_freertos.o(i.StartTask03)
    SysTick_Handler                          0x08003125   Thumb Code    32  port.o(i.SysTick_Handler)
    SystemClock_Config                       0x08003149   Thumb Code   110  main.o(i.SystemClock_Config)
    SystemInit                               0x080031b7   Thumb Code     2  system_stm32g0xx.o(i.SystemInit)
    TIM14_IRQHandler                         0x080031b9   Thumb Code    10  stm32g0xx_it.o(i.TIM14_IRQHandler)
    TIM_Base_SetConfig                       0x080031c9   Thumb Code   100  stm32g0xx_hal_tim.o(i.TIM_Base_SetConfig)
    TIM_CCxChannelCmd                        0x08003241   Thumb Code    26  stm32g0xx_hal_tim.o(i.TIM_CCxChannelCmd)
    TIM_OC2_SetConfig                        0x080032d9   Thumb Code   108  stm32g0xx_hal_tim.o(i.TIM_OC2_SetConfig)
    UART_AdvFeatureConfig                    0x08003541   Thumb Code   202  stm32g0xx_hal_uart.o(i.UART_AdvFeatureConfig)
    UART_CheckIdleState                      0x0800360d   Thumb Code    96  stm32g0xx_hal_uart.o(i.UART_CheckIdleState)
    UART_SetConfig                           0x080036e9   Thumb Code   326  stm32g0xx_hal_uart.o(i.UART_SetConfig)
    UART_WaitOnFlagUntilTimeout              0x08003851   Thumb Code   210  stm32g0xx_hal_uart.o(i.UART_WaitOnFlagUntilTimeout)
    USART1_IRQHandler                        0x08003925   Thumb Code    10  stm32g0xx_it.o(i.USART1_IRQHandler)
    __0printf$8                              0x08003935   Thumb Code    24  printf8.o(i.__0printf$8)
    __1printf$8                              0x08003935   Thumb Code     0  printf8.o(i.__0printf$8)
    __2printf                                0x08003935   Thumb Code     0  printf8.o(i.__0printf$8)
    __0sprintf$8                             0x08003955   Thumb Code    36  printf8.o(i.__0sprintf$8)
    __1sprintf$8                             0x08003955   Thumb Code     0  printf8.o(i.__0sprintf$8)
    __2sprintf                               0x08003955   Thumb Code     0  printf8.o(i.__0sprintf$8)
    __ARM_common_switch8                     0x0800397d   Thumb Code    26  lcddemo.o(i.__ARM_common_switch8)
    __scatterload_copy                       0x080039dd   Thumb Code    14  handlers.o(i.__scatterload_copy)
    __scatterload_null                       0x080039eb   Thumb Code     2  handlers.o(i.__scatterload_null)
    __scatterload_zeroinit                   0x080039ed   Thumb Code    14  handlers.o(i.__scatterload_zeroinit)
    delay_uss                                0x08003e7d   Thumb Code    34  dht.o(i.delay_uss)
    dht11get                                 0x08003ea5   Thumb Code    74  dht.o(i.dht11get)
    dispAscii                                0x08003f15   Thumb Code    80  lcddemo.o(i.dispAscii)
    fputc                                    0x08003f69   Thumb Code    24  app_freertos.o(i.fputc)
    getKey                                   0x08003f89   Thumb Code    48  lcddemo.o(i.getKey)
    lcdDispStr                               0x08003fcd   Thumb Code    54  lcddemo.o(i.lcdDispStr)
    lcdInit                                  0x08004005   Thumb Code    68  lcddemo.o(i.lcdInit)
    lcdcaidan                                0x0800404d   Thumb Code   116  lcddemo.o(i.lcdcaidan)
    lcdyemian                                0x080040d1   Thumb Code   110  lcddemo.o(i.lcdyemian)
    main                                     0x08004159   Thumb Code    76  main.o(i.main)
    menu                                     0x080041b9   Thumb Code   348  lcddemo.o(i.menu)
    osDelay                                  0x08004331   Thumb Code    16  cmsis_os.o(i.osDelay)
    osKernelStart                            0x08004341   Thumb Code    10  cmsis_os.o(i.osKernelStart)
    osSemaphoreCreate                        0x0800434b   Thumb Code    38  cmsis_os.o(i.osSemaphoreCreate)
    osSemaphoreWait                          0x08004371   Thumb Code    94  cmsis_os.o(i.osSemaphoreWait)
    osThreadCreate                           0x080043d5   Thumb Code    46  cmsis_os.o(i.osThreadCreate)
    osTimerCreate                            0x08004405   Thumb Code    30  cmsis_os.o(i.osTimerCreate)
    pvPortMalloc                             0x08004ac1   Thumb Code   178  heap_4.o(i.pvPortMalloc)
    pvTaskIncrementMutexHeldCount            0x08004b79   Thumb Code    20  tasks.o(i.pvTaskIncrementMutexHeldCount)
    pxPortInitialiseStack                    0x08004b91   Thumb Code    28  port.o(i.pxPortInitialiseStack)
    readByte                                 0x08004bb1   Thumb Code    70  dht.o(i.readByte)
    setInput                                 0x08004ce1   Thumb Code    36  dht.o(i.setInput)
    setOutput                                0x08004d09   Thumb Code    40  dht.o(i.setOutput)
    shakehand                                0x08004d35   Thumb Code    76  dht.o(i.shakehand)
    uxListRemove                             0x08004d85   Thumb Code    38  list.o(i.uxListRemove)
    vListInitialise                          0x08004dab   Thumb Code    22  list.o(i.vListInitialise)
    vListInitialiseItem                      0x08004dc1   Thumb Code     6  list.o(i.vListInitialiseItem)
    vListInsert                              0x08004dc7   Thumb Code    48  list.o(i.vListInsert)
    vListInsertEnd                           0x08004df7   Thumb Code    24  list.o(i.vListInsertEnd)
    vPortEnterCritical                       0x08004e11   Thumb Code    20  port.o(i.vPortEnterCritical)
    vPortExitCritical                        0x08004e29   Thumb Code    22  port.o(i.vPortExitCritical)
    vPortFree                                0x08004e45   Thumb Code    68  heap_4.o(i.vPortFree)
    vPortSetupTimerInterrupt                 0x08004e8d   Thumb Code    32  port.o(i.vPortSetupTimerInterrupt)
    vPortYield                               0x08004eb5   Thumb Code    18  port.o(i.vPortYield)
    vQueueAddToRegistry                      0x08004ecd   Thumb Code    32  queue.o(i.vQueueAddToRegistry)
    vQueueWaitForMessageRestricted           0x08004ef1   Thumb Code    68  queue.o(i.vQueueWaitForMessageRestricted)
    vTaskDelay                               0x08004f35   Thumb Code    44  tasks.o(i.vTaskDelay)
    vTaskInternalSetTimeOutState             0x08004f65   Thumb Code    12  tasks.o(i.vTaskInternalSetTimeOutState)
    vTaskMissedYield                         0x08004f75   Thumb Code     8  tasks.o(i.vTaskMissedYield)
    vTaskPlaceOnEventList                    0x08004f81   Thumb Code    32  tasks.o(i.vTaskPlaceOnEventList)
    vTaskPlaceOnEventListRestricted          0x08004fa5   Thumb Code    42  tasks.o(i.vTaskPlaceOnEventListRestricted)
    vTaskPriorityDisinheritAfterTimeout      0x08004fd5   Thumb Code   104  tasks.o(i.vTaskPriorityDisinheritAfterTimeout)
    vTaskStartScheduler                      0x08005045   Thumb Code    66  tasks.o(i.vTaskStartScheduler)
    vTaskSuspendAll                          0x08005099   Thumb Code    10  tasks.o(i.vTaskSuspendAll)
    vTaskSwitchContext                       0x080050a9   Thumb Code    78  tasks.o(i.vTaskSwitchContext)
    xPortStartScheduler                      0x08005101   Thumb Code    40  port.o(i.xPortStartScheduler)
    xQueueGenericCreate                      0x08005131   Thumb Code    54  queue.o(i.xQueueGenericCreate)
    xQueueGenericReset                       0x08005167   Thumb Code   108  queue.o(i.xQueueGenericReset)
    xQueueGenericSend                        0x080051d3   Thumb Code   280  queue.o(i.xQueueGenericSend)
    xQueueGenericSendFromISR                 0x080052eb   Thumb Code   142  queue.o(i.xQueueGenericSendFromISR)
    xQueueReceive                            0x08005379   Thumb Code   258  queue.o(i.xQueueReceive)
    xQueueReceiveFromISR                     0x0800547b   Thumb Code   120  queue.o(i.xQueueReceiveFromISR)
    xQueueSemaphoreTake                      0x080054f3   Thumb Code   320  queue.o(i.xQueueSemaphoreTake)
    xTaskCheckForTimeOut                     0x08005635   Thumb Code    86  tasks.o(i.xTaskCheckForTimeOut)
    xTaskCreate                              0x08005691   Thumb Code    78  tasks.o(i.xTaskCreate)
    xTaskGetSchedulerState                   0x080056e1   Thumb Code    26  tasks.o(i.xTaskGetSchedulerState)
    xTaskGetTickCount                        0x08005701   Thumb Code     6  tasks.o(i.xTaskGetTickCount)
    xTaskIncrementTick                       0x0800570d   Thumb Code   180  tasks.o(i.xTaskIncrementTick)
    xTaskPriorityDisinherit                  0x080057c9   Thumb Code    96  tasks.o(i.xTaskPriorityDisinherit)
    xTaskPriorityInherit                     0x08005831   Thumb Code   110  tasks.o(i.xTaskPriorityInherit)
    xTaskRemoveFromEventList                 0x080058a9   Thumb Code    90  tasks.o(i.xTaskRemoveFromEventList)
    xTaskResumeAll                           0x0800590d   Thumb Code   164  tasks.o(i.xTaskResumeAll)
    xTimerCreate                             0x080059b9   Thumb Code    88  timers.o(i.xTimerCreate)
    xTimerCreateTimerTask                    0x08005a11   Thumb Code    46  timers.o(i.xTimerCreateTimerTask)
    xTimerGenericCommand                     0x08005a51   Thumb Code    76  timers.o(i.xTimerGenericCommand)
    Zk_ASCII8X16                             0x08005aa0   Data        4097  charfont.o(.constdata)
    UARTPrescTable                           0x08006ae4   Data          24  stm32g0xx_hal_uart.o(.constdata)
    AHBPrescTable                            0x08006b0c   Data          64  system_stm32g0xx.o(.constdata)
    APBPrescTable                            0x08006b4c   Data          32  system_stm32g0xx.o(.constdata)
    Region$$Table$$Base                      0x08006b90   Number         0  anon$$obj.o(Region$$Table)
    Region$$Table$$Limit                     0x08006bb0   Number         0  anon$$obj.o(Region$$Table)
    tempValue                                0x20000000   Data           4  lcddemo.o(.data)
    flameValue                               0x20000004   Data           4  lcddemo.o(.data)
    smokeValue                               0x20000008   Data           4  lcddemo.o(.data)
    arr                                      0x2000000c   Data          68  lcddemo.o(.data)
    keyFlag                                  0x20000050   Data           1  main.o(.data)
    ledchange                                0x20000054   Data           1  app_freertos.o(.data)
    adcDmaEndFlag                            0x20000055   Data           1  app_freertos.o(.data)
    adcValue                                 0x20000058   Data           4  app_freertos.o(.data)
    keycode                                  0x2000005c   Data           4  app_freertos.o(.data)
    defaultTaskHandle                        0x20000060   Data           4  app_freertos.o(.data)
    myTask02Handle                           0x20000064   Data           4  app_freertos.o(.data)
    myTask03Handle                           0x20000068   Data           4  app_freertos.o(.data)
    myTimer01Handle                          0x2000006c   Data           4  app_freertos.o(.data)
    myBinarySem01Handle                      0x20000070   Data           4  app_freertos.o(.data)
    myBinarySem02Handle                      0x20000074   Data           4  app_freertos.o(.data)
    uwTickFreq                               0x20000078   Data           1  stm32g0xx_hal.o(.data)
    uwTickPrio                               0x2000007c   Data           4  stm32g0xx_hal.o(.data)
    uwTick                                   0x20000080   Data           4  stm32g0xx_hal.o(.data)
    SystemCoreClock                          0x20000084   Data           4  system_stm32g0xx.o(.data)
    pxCurrentTCB                             0x20000088   Data           4  tasks.o(.data)
    __stdout                                 0x200000fc   Data           4  stdout.o(.data)
    hadc1                                    0x20000100   Data         100  adc.o(.bss)
    hrtc                                     0x20000164   Data          44  rtc.o(.bss)
    hspi1                                    0x20000190   Data         100  spi.o(.bss)
    htim3                                    0x200001f4   Data          76  tim.o(.bss)
    htim16                                   0x20000240   Data          76  tim.o(.bss)
    huart1                                   0x2000028c   Data         148  usart.o(.bss)
    huart2                                   0x20000320   Data         148  usart.o(.bss)
    htim14                                   0x200003b4   Data          76  stm32g0xx_hal_timebase_tim.o(.bss)
    xQueueRegistry                           0x20000400   Data          64  queue.o(.bss)
    __initial_sp                             0x20001958   Data           0  startup_stm32g030xx.o(STACK)



==============================================================================

Memory Map of the image

  Image Entry point : 0x080000c1

  Load Region LR_IROM1 (Base: 0x08000000, Size: 0x00006cb0, Max: 0x00010000, ABSOLUTE)

    Execution Region ER_IROM1 (Exec base: 0x08000000, Load base: 0x08000000, Size: 0x00006bb0, Max: 0x00010000, ABSOLUTE)

    Exec Addr    Load Addr    Size         Type   Attr      Idx    E Section Name        Object

    0x08000000   0x08000000   0x000000c0   Data   RO            3    RESET               startup_stm32g030xx.o
    0x080000c0   0x080000c0   0x00000000   Code   RO         5943  * .ARM.Collect$$$$00000000  mc_p.l(entry.o)
    0x080000c0   0x080000c0   0x00000004   Code   RO         6219    .ARM.Collect$$$$00000001  mc_p.l(entry2.o)
    0x080000c4   0x080000c4   0x00000004   Code   RO         6222    .ARM.Collect$$$$00000004  mc_p.l(entry5.o)
    0x080000c8   0x080000c8   0x00000000   Code   RO         6224    .ARM.Collect$$$$00000008  mc_p.l(entry7b.o)
    0x080000c8   0x080000c8   0x00000000   Code   RO         6226    .ARM.Collect$$$$0000000A  mc_p.l(entry8b.o)
    0x080000c8   0x080000c8   0x00000008   Code   RO         6227    .ARM.Collect$$$$0000000B  mc_p.l(entry9a.o)
    0x080000d0   0x080000d0   0x00000000   Code   RO         6229    .ARM.Collect$$$$0000000D  mc_p.l(entry10a.o)
    0x080000d0   0x080000d0   0x00000000   Code   RO         6231    .ARM.Collect$$$$0000000F  mc_p.l(entry11a.o)
    0x080000d0   0x080000d0   0x00000004   Code   RO         6220    .ARM.Collect$$$$00002712  mc_p.l(entry2.o)
    0x080000d4   0x080000d4   0x00000078   Code   RO         5872    .emb_text           port.o
    0x0800014c   0x0800014c   0x0000001c   Code   RO            4    .text               startup_stm32g030xx.o
    0x08000168   0x08000168   0x0000002c   Code   RO         5946    .text               mc_p.l(uidiv.o)
    0x08000194   0x08000194   0x00000024   Code   RO         5948    .text               mc_p.l(memcpya.o)
    0x080001b8   0x080001b8   0x00000024   Code   RO         5952    .text               mc_p.l(memseta.o)
    0x080001dc   0x080001dc   0x0000000e   Code   RO         5954    .text               mc_p.l(strlen.o)
    0x080001ea   0x080001ea   0x00000060   Code   RO         6234    .text               mc_p.l(uldiv.o)
    0x0800024a   0x0800024a   0x00000002   PAD
    0x0800024c   0x0800024c   0x00000024   Code   RO         6247    .text               mc_p.l(init.o)
    0x08000270   0x08000270   0x00000020   Code   RO         6249    .text               mc_p.l(llshl.o)
    0x08000290   0x08000290   0x00000022   Code   RO         6251    .text               mc_p.l(llushr.o)
    0x080002b2   0x080002b2   0x00000002   PAD
    0x080002b4   0x080002b4   0x00000060   Code   RO          835    i.ADC_ConversionStop  stm32g0xx_hal_adc.o
    0x08000314   0x08000314   0x00000074   Code   RO          839    i.ADC_Disable       stm32g0xx_hal_adc.o
    0x08000388   0x08000388   0x000000b4   Code   RO          840    i.ADC_Enable        stm32g0xx_hal_adc.o
    0x0800043c   0x0800043c   0x00000002   Code   RO          441    i.Callback01        app_freertos.o
    0x0800043e   0x0800043e   0x0000000c   Code   RO          732    i.EXTI4_15_IRQHandler  stm32g0xx_it.o
    0x0800044a   0x0800044a   0x00000004   Code   RO          328    i.Error_Handler     main.o
    0x0800044e   0x0800044e   0x00000002   PAD
    0x08000450   0x08000450   0x00000128   Code   RO         1049    i.HAL_ADCEx_Calibration_Start  stm32g0xx_hal_adc_ex.o
    0x08000578   0x08000578   0x00000224   Code   RO          842    i.HAL_ADC_ConfigChannel  stm32g0xx_hal_adc.o
    0x0800079c   0x0800079c   0x00000006   Code   RO          849    i.HAL_ADC_GetValue  stm32g0xx_hal_adc.o
    0x080007a2   0x080007a2   0x00000002   PAD
    0x080007a4   0x080007a4   0x00000220   Code   RO          851    i.HAL_ADC_Init      stm32g0xx_hal_adc.o
    0x080009c4   0x080009c4   0x0000005c   Code   RO          513    i.HAL_ADC_MspInit   adc.o
    0x08000a20   0x08000a20   0x000000c4   Code   RO          855    i.HAL_ADC_PollForConversion  stm32g0xx_hal_adc.o
    0x08000ae4   0x08000ae4   0x00000068   Code   RO          857    i.HAL_ADC_Start     stm32g0xx_hal_adc.o
    0x08000b4c   0x08000b4c   0x0000003e   Code   RO          860    i.HAL_ADC_Stop      stm32g0xx_hal_adc.o
    0x08000b8a   0x08000b8a   0x00000002   PAD
    0x08000b8c   0x08000b8c   0x00000074   Code   RO         1538    i.HAL_DMA_Abort     stm32g0xx_hal_dma.o
    0x08000c00   0x08000c00   0x0000007c   Code   RO         1539    i.HAL_DMA_Abort_IT  stm32g0xx_hal_dma.o
    0x08000c7c   0x08000c7c   0x00000024   Code   RO         1996    i.HAL_Delay         stm32g0xx_hal.o
    0x08000ca0   0x08000ca0   0x00000002   Code   RO         1468    i.HAL_GPIO_EXTI_Falling_Callback  stm32g0xx_hal_gpio.o
    0x08000ca2   0x08000ca2   0x00000002   PAD
    0x08000ca4   0x08000ca4   0x00000028   Code   RO         1469    i.HAL_GPIO_EXTI_IRQHandler  stm32g0xx_hal_gpio.o
    0x08000ccc   0x08000ccc   0x00000014   Code   RO          329    i.HAL_GPIO_EXTI_Rising_Callback  main.o
    0x08000ce0   0x08000ce0   0x0000015c   Code   RO         1471    i.HAL_GPIO_Init     stm32g0xx_hal_gpio.o
    0x08000e3c   0x08000e3c   0x0000000a   Code   RO         1473    i.HAL_GPIO_ReadPin  stm32g0xx_hal_gpio.o
    0x08000e46   0x08000e46   0x00000010   Code   RO         1474    i.HAL_GPIO_TogglePin  stm32g0xx_hal_gpio.o
    0x08000e56   0x08000e56   0x0000000c   Code   RO         1475    i.HAL_GPIO_WritePin  stm32g0xx_hal_gpio.o
    0x08000e62   0x08000e62   0x00000002   PAD
    0x08000e64   0x08000e64   0x0000000c   Code   RO         2000    i.HAL_GetTick       stm32g0xx_hal.o
    0x08000e70   0x08000e70   0x00000010   Code   RO         2006    i.HAL_IncTick       stm32g0xx_hal.o
    0x08000e80   0x08000e80   0x00000028   Code   RO         2007    i.HAL_Init          stm32g0xx_hal.o
    0x08000ea8   0x08000ea8   0x0000009c   Code   RO          800    i.HAL_InitTick      stm32g0xx_hal_timebase_tim.o
    0x08000f44   0x08000f44   0x00000034   Code   RO          780    i.HAL_MspInit       stm32g0xx_hal_msp.o
    0x08000f78   0x08000f78   0x00000018   Code   RO         1884    i.HAL_NVIC_EnableIRQ  stm32g0xx_hal_cortex.o
    0x08000f90   0x08000f90   0x00000008   Code   RO         1888    i.HAL_NVIC_SetPriority  stm32g0xx_hal_cortex.o
    0x08000f98   0x08000f98   0x0000004c   Code   RO         1769    i.HAL_PWREx_ControlVoltageScaling  stm32g0xx_hal_pwr_ex.o
    0x08000fe4   0x08000fe4   0x0000014c   Code   RO         1237    i.HAL_RCCEx_PeriphCLKConfig  stm32g0xx_hal_rcc_ex.o
    0x08001130   0x08001130   0x00000158   Code   RO         1121    i.HAL_RCC_ClockConfig  stm32g0xx_hal_rcc.o
    0x08001288   0x08001288   0x00000038   Code   RO         1126    i.HAL_RCC_GetClockConfig  stm32g0xx_hal_rcc.o
    0x080012c0   0x080012c0   0x00000028   Code   RO         1129    i.HAL_RCC_GetPCLK1Freq  stm32g0xx_hal_rcc.o
    0x080012e8   0x080012e8   0x0000008c   Code   RO         1131    i.HAL_RCC_GetSysClockFreq  stm32g0xx_hal_rcc.o
    0x08001374   0x08001374   0x000003d8   Code   RO         1135    i.HAL_RCC_OscConfig  stm32g0xx_hal_rcc.o
    0x0800174c   0x0800174c   0x00000044   Code   RO         2263    i.HAL_RTC_GetDate   stm32g0xx_hal_rtc.o
    0x08001790   0x08001790   0x00000058   Code   RO         2265    i.HAL_RTC_GetTime   stm32g0xx_hal_rtc.o
    0x080017e8   0x080017e8   0x000000b0   Code   RO         2266    i.HAL_RTC_Init      stm32g0xx_hal_rtc.o
    0x08001898   0x08001898   0x00000058   Code   RO          551    i.HAL_RTC_MspInit   rtc.o
    0x080018f0   0x080018f0   0x0000009c   Code   RO         2272    i.HAL_RTC_SetDate   stm32g0xx_hal_rtc.o
    0x0800198c   0x0800198c   0x000000c0   Code   RO         2273    i.HAL_RTC_SetTime   stm32g0xx_hal_rtc.o
    0x08001a4c   0x08001a4c   0x00000034   Code   RO         2274    i.HAL_RTC_WaitForSynchro  stm32g0xx_hal_rtc.o
    0x08001a80   0x08001a80   0x000000ee   Code   RO         2705    i.HAL_SPI_Init      stm32g0xx_hal_spi.o
    0x08001b6e   0x08001b6e   0x00000002   PAD
    0x08001b70   0x08001b70   0x00000060   Code   RO          589    i.HAL_SPI_MspInit   spi.o
    0x08001bd0   0x08001bd0   0x00000160   Code   RO         2713    i.HAL_SPI_Transmit  stm32g0xx_hal_spi.o
    0x08001d30   0x08001d30   0x00000002   Code   RO         3749    i.HAL_TIMEx_Break2Callback  stm32g0xx_hal_tim_ex.o
    0x08001d32   0x08001d32   0x00000002   Code   RO         3750    i.HAL_TIMEx_BreakCallback  stm32g0xx_hal_tim_ex.o
    0x08001d34   0x08001d34   0x00000002   Code   RO         3751    i.HAL_TIMEx_CommutCallback  stm32g0xx_hal_tim_ex.o
    0x08001d36   0x08001d36   0x00000002   PAD
    0x08001d38   0x08001d38   0x00000064   Code   RO         3772    i.HAL_TIMEx_MasterConfigSynchronization  stm32g0xx_hal_tim_ex.o
    0x08001d9c   0x08001d9c   0x0000004c   Code   RO         3039    i.HAL_TIM_Base_Init  stm32g0xx_hal_tim.o
    0x08001de8   0x08001de8   0x00000028   Code   RO          627    i.HAL_TIM_Base_MspInit  tim.o
    0x08001e10   0x08001e10   0x00000048   Code   RO         3042    i.HAL_TIM_Base_Start  stm32g0xx_hal_tim.o
    0x08001e58   0x08001e58   0x00000050   Code   RO         3044    i.HAL_TIM_Base_Start_IT  stm32g0xx_hal_tim.o
    0x08001ea8   0x08001ea8   0x00000028   Code   RO         3045    i.HAL_TIM_Base_Stop  stm32g0xx_hal_tim.o
    0x08001ed0   0x08001ed0   0x00000002   Code   RO         3073    i.HAL_TIM_IC_CaptureCallback  stm32g0xx_hal_tim.o
    0x08001ed2   0x08001ed2   0x00000002   PAD
    0x08001ed4   0x08001ed4   0x00000184   Code   RO         3087    i.HAL_TIM_IRQHandler  stm32g0xx_hal_tim.o
    0x08002058   0x08002058   0x0000004c   Code   RO          628    i.HAL_TIM_MspPostInit  tim.o
    0x080020a4   0x080020a4   0x00000002   Code   RO         3090    i.HAL_TIM_OC_DelayElapsedCallback  stm32g0xx_hal_tim.o
    0x080020a6   0x080020a6   0x00000128   Code   RO         3111    i.HAL_TIM_PWM_ConfigChannel  stm32g0xx_hal_tim.o
    0x080021ce   0x080021ce   0x0000004c   Code   RO         3114    i.HAL_TIM_PWM_Init  stm32g0xx_hal_tim.o
    0x0800221a   0x0800221a   0x00000002   PAD
    0x0800221c   0x0800221c   0x00000024   Code   RO          630    i.HAL_TIM_PWM_MspInit  tim.o
    0x08002240   0x08002240   0x00000002   Code   RO         3117    i.HAL_TIM_PWM_PulseFinishedCallback  stm32g0xx_hal_tim.o
    0x08002242   0x08002242   0x00000002   PAD
    0x08002244   0x08002244   0x000000c0   Code   RO         3119    i.HAL_TIM_PWM_Start  stm32g0xx_hal_tim.o
    0x08002304   0x08002304   0x00000014   Code   RO          330    i.HAL_TIM_PeriodElapsedCallback  main.o
    0x08002318   0x08002318   0x00000002   Code   RO         3130    i.HAL_TIM_TriggerCallback  stm32g0xx_hal_tim.o
    0x0800231a   0x0800231a   0x0000003c   Code   RO         4464    i.HAL_UARTEx_DisableFifoMode  stm32g0xx_hal_uart_ex.o
    0x08002356   0x08002356   0x00000002   Code   RO         4057    i.HAL_UARTEx_RxEventCallback  stm32g0xx_hal_uart.o
    0x08002358   0x08002358   0x00000002   Code   RO         4472    i.HAL_UARTEx_RxFifoFullCallback  stm32g0xx_hal_uart_ex.o
    0x0800235a   0x0800235a   0x00000048   Code   RO         4473    i.HAL_UARTEx_SetRxFifoThreshold  stm32g0xx_hal_uart_ex.o
    0x080023a2   0x080023a2   0x00000046   Code   RO         4474    i.HAL_UARTEx_SetTxFifoThreshold  stm32g0xx_hal_uart_ex.o
    0x080023e8   0x080023e8   0x00000002   Code   RO         4476    i.HAL_UARTEx_TxFifoEmptyCallback  stm32g0xx_hal_uart_ex.o
    0x080023ea   0x080023ea   0x00000002   Code   RO         4477    i.HAL_UARTEx_WakeupCallback  stm32g0xx_hal_uart_ex.o
    0x080023ec   0x080023ec   0x00000002   Code   RO         4073    i.HAL_UART_ErrorCallback  stm32g0xx_hal_uart.o
    0x080023ee   0x080023ee   0x00000002   PAD
    0x080023f0   0x080023f0   0x000002f0   Code   RO         4076    i.HAL_UART_IRQHandler  stm32g0xx_hal_uart.o
    0x080026e0   0x080026e0   0x0000006c   Code   RO         4077    i.HAL_UART_Init     stm32g0xx_hal_uart.o
    0x0800274c   0x0800274c   0x000000d0   Code   RO          689    i.HAL_UART_MspInit  usart.o
    0x0800281c   0x0800281c   0x000000ca   Code   RO         4086    i.HAL_UART_Transmit  stm32g0xx_hal_uart.o
    0x080028e6   0x080028e6   0x00000002   Code   RO         4089    i.HAL_UART_TxCpltCallback  stm32g0xx_hal_uart.o
    0x080028e8   0x080028e8   0x00000002   Code   RO          733    i.HardFault_Handler  stm32g0xx_it.o
    0x080028ea   0x080028ea   0x00000008   Code   RO          863    i.LL_ADC_IsEnabled  stm32g0xx_hal_adc.o
    0x080028f2   0x080028f2   0x00000008   Code   RO         1055    i.LL_ADC_IsEnabled  stm32g0xx_hal_adc_ex.o
    0x080028fa   0x080028fa   0x00000008   Code   RO          864    i.LL_ADC_REG_IsConversionOngoing  stm32g0xx_hal_adc.o
    0x08002902   0x08002902   0x00000010   Code   RO          865    i.LL_ADC_REG_IsTriggerSourceSWStart  stm32g0xx_hal_adc.o
    0x08002912   0x08002912   0x0000000e   Code   RO          867    i.LL_ADC_SetCommonPathInternalCh  stm32g0xx_hal_adc.o
    0x08002920   0x08002920   0x00000016   Code   RO          868    i.LL_ADC_SetSamplingTimeCommonChannels  stm32g0xx_hal_adc.o
    0x08002936   0x08002936   0x0000002a   Code   RO           13    i.Lcd_Clear         lcddemo.o
    0x08002960   0x08002960   0x00000050   Code   RO           15    i.Lcd_SetRegion     lcddemo.o
    0x080029b0   0x080029b0   0x00000068   Code   RO          514    i.MX_ADC1_Init      adc.o
    0x08002a18   0x08002a18   0x00000080   Code   RO          443    i.MX_FREERTOS_Init  app_freertos.o
    0x08002a98   0x08002a98   0x000000b4   Code   RO          421    i.MX_GPIO_Init      gpio.o
    0x08002b4c   0x08002b4c   0x0000008c   Code   RO          552    i.MX_RTC_Init       rtc.o
    0x08002bd8   0x08002bd8   0x0000004c   Code   RO          590    i.MX_SPI1_Init      spi.o
    0x08002c24   0x08002c24   0x00000034   Code   RO          631    i.MX_TIM16_Init     tim.o
    0x08002c58   0x08002c58   0x0000007c   Code   RO          632    i.MX_TIM3_Init      tim.o
    0x08002cd4   0x08002cd4   0x00000068   Code   RO          690    i.MX_USART1_UART_Init  usart.o
    0x08002d3c   0x08002d3c   0x0000003c   Code   RO          691    i.MX_USART2_UART_Init  usart.o
    0x08002d78   0x08002d78   0x00000002   Code   RO          734    i.NMI_Handler       stm32g0xx_it.o
    0x08002d7a   0x08002d7a   0x00000010   Code   RO         2275    i.RTC_Bcd2ToByte    stm32g0xx_hal_rtc.o
    0x08002d8a   0x08002d8a   0x00000018   Code   RO         2276    i.RTC_ByteToBcd2    stm32g0xx_hal_rtc.o
    0x08002da2   0x08002da2   0x00000044   Code   RO         2277    i.RTC_EnterInitMode  stm32g0xx_hal_rtc.o
    0x08002de6   0x08002de6   0x00000002   PAD
    0x08002de8   0x08002de8   0x00000050   Code   RO         2278    i.RTC_ExitInitMode  stm32g0xx_hal_rtc.o
    0x08002e38   0x08002e38   0x0000004c   Code   RO         2743    i.SPI_EndRxTxTransaction  stm32g0xx_hal_spi.o
    0x08002e84   0x08002e84   0x000000d8   Code   RO         2748    i.SPI_WaitFifoStateUntilTimeout  stm32g0xx_hal_spi.o
    0x08002f5c   0x08002f5c   0x000000b8   Code   RO         2749    i.SPI_WaitFlagStateUntilTimeout  stm32g0xx_hal_spi.o
    0x08003014   0x08003014   0x00000002   Code   RO         5873    i.SVC_Handler       port.o
    0x08003016   0x08003016   0x00000002   PAD
    0x08003018   0x08003018   0x000000b0   Code   RO          444    i.StartDefaultTask  app_freertos.o
    0x080030c8   0x080030c8   0x00000044   Code   RO          445    i.StartTask02       app_freertos.o
    0x0800310c   0x0800310c   0x00000016   Code   RO          446    i.StartTask03       app_freertos.o
    0x08003122   0x08003122   0x00000002   PAD
    0x08003124   0x08003124   0x00000024   Code   RO         5874    i.SysTick_Handler   port.o
    0x08003148   0x08003148   0x0000006e   Code   RO          331    i.SystemClock_Config  main.o
    0x080031b6   0x080031b6   0x00000002   Code   RO         4579    i.SystemInit        system_stm32g0xx.o
    0x080031b8   0x080031b8   0x00000010   Code   RO          735    i.TIM14_IRQHandler  stm32g0xx_it.o
    0x080031c8   0x080031c8   0x00000078   Code   RO         3132    i.TIM_Base_SetConfig  stm32g0xx_hal_tim.o
    0x08003240   0x08003240   0x0000001a   Code   RO         3133    i.TIM_CCxChannelCmd  stm32g0xx_hal_tim.o
    0x0800325a   0x0800325a   0x00000002   PAD
    0x0800325c   0x0800325c   0x0000007c   Code   RO         3145    i.TIM_OC1_SetConfig  stm32g0xx_hal_tim.o
    0x080032d8   0x080032d8   0x0000007c   Code   RO         3146    i.TIM_OC2_SetConfig  stm32g0xx_hal_tim.o
    0x08003354   0x08003354   0x0000007c   Code   RO         3147    i.TIM_OC3_SetConfig  stm32g0xx_hal_tim.o
    0x080033d0   0x080033d0   0x0000006c   Code   RO         3148    i.TIM_OC4_SetConfig  stm32g0xx_hal_tim.o
    0x0800343c   0x0800343c   0x0000005c   Code   RO         3149    i.TIM_OC5_SetConfig  stm32g0xx_hal_tim.o
    0x08003498   0x08003498   0x00000064   Code   RO         3150    i.TIM_OC6_SetConfig  stm32g0xx_hal_tim.o
    0x080034fc   0x080034fc   0x00000044   Code   RO         4478    i.UARTEx_SetNbDataToProcess  stm32g0xx_hal_uart_ex.o
    0x08003540   0x08003540   0x000000ca   Code   RO         4091    i.UART_AdvFeatureConfig  stm32g0xx_hal_uart.o
    0x0800360a   0x0800360a   0x00000002   PAD
    0x0800360c   0x0800360c   0x00000064   Code   RO         4092    i.UART_CheckIdleState  stm32g0xx_hal_uart.o
    0x08003670   0x08003670   0x00000014   Code   RO         4093    i.UART_DMAAbortOnError  stm32g0xx_hal_uart.o
    0x08003684   0x08003684   0x00000064   Code   RO         4103    i.UART_EndRxTransfer  stm32g0xx_hal_uart.o
    0x080036e8   0x080036e8   0x00000168   Code   RO         4109    i.UART_SetConfig    stm32g0xx_hal_uart.o
    0x08003850   0x08003850   0x000000d2   Code   RO         4116    i.UART_WaitOnFlagUntilTimeout  stm32g0xx_hal_uart.o
    0x08003922   0x08003922   0x00000002   PAD
    0x08003924   0x08003924   0x00000010   Code   RO          736    i.USART1_IRQHandler  stm32g0xx_it.o
    0x08003934   0x08003934   0x00000020   Code   RO         6165    i.__0printf$8       mc_p.l(printf8.o)
    0x08003954   0x08003954   0x00000028   Code   RO         6167    i.__0sprintf$8      mc_p.l(printf8.o)
    0x0800397c   0x0800397c   0x0000001a   Code   RO          103    i.__ARM_common_switch8  lcddemo.o
    0x08003996   0x08003996   0x00000002   PAD
    0x08003998   0x08003998   0x00000044   Code   RO         1894    i.__NVIC_SetPriority  stm32g0xx_hal_cortex.o
    0x080039dc   0x080039dc   0x0000000e   Code   RO         6261    i.__scatterload_copy  mc_p.l(handlers.o)
    0x080039ea   0x080039ea   0x00000002   Code   RO         6262    i.__scatterload_null  mc_p.l(handlers.o)
    0x080039ec   0x080039ec   0x0000000e   Code   RO         6263    i.__scatterload_zeroinit  mc_p.l(handlers.o)
    0x080039fa   0x080039fa   0x00000002   PAD
    0x080039fc   0x080039fc   0x00000428   Code   RO         6172    i._printf_core      mc_p.l(printf8.o)
    0x08003e24   0x08003e24   0x00000020   Code   RO         6173    i._printf_post_padding  mc_p.l(printf8.o)
    0x08003e44   0x08003e44   0x0000002c   Code   RO         6174    i._printf_pre_padding  mc_p.l(printf8.o)
    0x08003e70   0x08003e70   0x0000000a   Code   RO         6176    i._sputc            mc_p.l(printf8.o)
    0x08003e7a   0x08003e7a   0x00000002   PAD
    0x08003e7c   0x08003e7c   0x00000028   Code   RO          276    i.delay_uss         dht.o
    0x08003ea4   0x08003ea4   0x00000070   Code   RO          277    i.dht11get          dht.o
    0x08003f14   0x08003f14   0x00000054   Code   RO           16    i.dispAscii         lcddemo.o
    0x08003f68   0x08003f68   0x00000020   Code   RO          447    i.fputc             app_freertos.o
    0x08003f88   0x08003f88   0x00000038   Code   RO           17    i.getKey            lcddemo.o
    0x08003fc0   0x08003fc0   0x0000000c   Code   RO         5466    i.inHandlerMode     cmsis_os.o
    0x08003fcc   0x08003fcc   0x00000036   Code   RO           18    i.lcdDispStr        lcddemo.o
    0x08004002   0x08004002   0x00000002   PAD
    0x08004004   0x08004004   0x00000048   Code   RO           19    i.lcdInit           lcddemo.o
    0x0800404c   0x0800404c   0x00000084   Code   RO           20    i.lcdcaidan         lcddemo.o
    0x080040d0   0x080040d0   0x00000088   Code   RO           21    i.lcdyemian         lcddemo.o
    0x08004158   0x08004158   0x00000054   Code   RO          332    i.main              main.o
    0x080041ac   0x080041ac   0x0000000c   Code   RO         5468    i.makeFreeRtosPriority  cmsis_os.o
    0x080041b8   0x080041b8   0x00000178   Code   RO           22    i.menu              lcddemo.o
    0x08004330   0x08004330   0x00000010   Code   RO         5470    i.osDelay           cmsis_os.o
    0x08004340   0x08004340   0x0000000a   Code   RO         5473    i.osKernelStart     cmsis_os.o
    0x0800434a   0x0800434a   0x00000026   Code   RO         5499    i.osSemaphoreCreate  cmsis_os.o
    0x08004370   0x08004370   0x00000064   Code   RO         5503    i.osSemaphoreWait   cmsis_os.o
    0x080043d4   0x080043d4   0x0000002e   Code   RO         5507    i.osThreadCreate    cmsis_os.o
    0x08004402   0x08004402   0x00000002   PAD
    0x08004404   0x08004404   0x00000024   Code   RO         5518    i.osTimerCreate     cmsis_os.o
    0x08004428   0x08004428   0x00000058   Code   RO         5038    i.prvAddCurrentTaskToDelayedList  tasks.o
    0x08004480   0x08004480   0x000000b8   Code   RO         5039    i.prvAddNewTaskToReadyList  tasks.o
    0x08004538   0x08004538   0x00000050   Code   RO         5346    i.prvCheckForValidListAndQueue  timers.o
    0x08004588   0x08004588   0x00000026   Code   RO         4736    i.prvCopyDataFromQueue  queue.o
    0x080045ae   0x080045ae   0x00000070   Code   RO         4737    i.prvCopyDataToQueue  queue.o
    0x0800461e   0x0800461e   0x00000012   Code   RO         5040    i.prvDeleteTCB      tasks.o
    0x08004630   0x08004630   0x00000044   Code   RO         5817    i.prvHeapInit       heap_4.o
    0x08004674   0x08004674   0x00000048   Code   RO         5041    i.prvIdleTask       tasks.o
    0x080046bc   0x080046bc   0x0000008a   Code   RO         5042    i.prvInitialiseNewTask  tasks.o
    0x08004746   0x08004746   0x00000002   PAD
    0x08004748   0x08004748   0x0000004c   Code   RO         5818    i.prvInsertBlockIntoFreeList  heap_4.o
    0x08004794   0x08004794   0x00000038   Code   RO         5347    i.prvInsertTimerInActiveList  timers.o
    0x080047cc   0x080047cc   0x0000001c   Code   RO         4738    i.prvIsQueueEmpty   queue.o
    0x080047e8   0x080047e8   0x000000dc   Code   RO         5348    i.prvProcessReceivedCommands  timers.o
    0x080048c4   0x080048c4   0x000000a8   Code   RO         5349    i.prvProcessTimerOrBlockTask  timers.o
    0x0800496c   0x0800496c   0x00000020   Code   RO         5043    i.prvResetNextTaskUnblockTime  tasks.o
    0x0800498c   0x0800498c   0x00000028   Code   RO         5350    i.prvSampleTimeNow  timers.o
    0x080049b4   0x080049b4   0x00000064   Code   RO         5351    i.prvSwitchTimerLists  timers.o
    0x08004a18   0x08004a18   0x00000014   Code   RO         5875    i.prvTaskExitError  port.o
    0x08004a2c   0x08004a2c   0x00000024   Code   RO         5352    i.prvTimerTask      timers.o
    0x08004a50   0x08004a50   0x00000070   Code   RO         4739    i.prvUnlockQueue    queue.o
    0x08004ac0   0x08004ac0   0x000000b8   Code   RO         5819    i.pvPortMalloc      heap_4.o
    0x08004b78   0x08004b78   0x00000018   Code   RO         5045    i.pvTaskIncrementMutexHeldCount  tasks.o
    0x08004b90   0x08004b90   0x00000020   Code   RO         5876    i.pxPortInitialiseStack  port.o
    0x08004bb0   0x08004bb0   0x0000004c   Code   RO          278    i.readByte          dht.o
    0x08004bfc   0x08004bfc   0x0000005c   Code   RO           23    i.send16Dat         lcddemo.o
    0x08004c58   0x08004c58   0x00000044   Code   RO           24    i.send8Dat          lcddemo.o
    0x08004c9c   0x08004c9c   0x00000044   Code   RO           25    i.sendCmd           lcddemo.o
    0x08004ce0   0x08004ce0   0x00000028   Code   RO          279    i.setInput          dht.o
    0x08004d08   0x08004d08   0x0000002c   Code   RO          280    i.setOutput         dht.o
    0x08004d34   0x08004d34   0x00000050   Code   RO          281    i.shakehand         dht.o
    0x08004d84   0x08004d84   0x00000026   Code   RO         4699    i.uxListRemove      list.o
    0x08004daa   0x08004daa   0x00000016   Code   RO         4700    i.vListInitialise   list.o
    0x08004dc0   0x08004dc0   0x00000006   Code   RO         4701    i.vListInitialiseItem  list.o
    0x08004dc6   0x08004dc6   0x00000030   Code   RO         4702    i.vListInsert       list.o
    0x08004df6   0x08004df6   0x00000018   Code   RO         4703    i.vListInsertEnd    list.o
    0x08004e0e   0x08004e0e   0x00000002   PAD
    0x08004e10   0x08004e10   0x00000018   Code   RO         5878    i.vPortEnterCritical  port.o
    0x08004e28   0x08004e28   0x0000001c   Code   RO         5879    i.vPortExitCritical  port.o
    0x08004e44   0x08004e44   0x00000048   Code   RO         5820    i.vPortFree         heap_4.o
    0x08004e8c   0x08004e8c   0x00000028   Code   RO         5880    i.vPortSetupTimerInterrupt  port.o
    0x08004eb4   0x08004eb4   0x00000018   Code   RO         5881    i.vPortYield        port.o
    0x08004ecc   0x08004ecc   0x00000024   Code   RO         4743    i.vQueueAddToRegistry  queue.o
    0x08004ef0   0x08004ef0   0x00000044   Code   RO         4746    i.vQueueWaitForMessageRestricted  queue.o
    0x08004f34   0x08004f34   0x00000030   Code   RO         5052    i.vTaskDelay        tasks.o
    0x08004f64   0x08004f64   0x00000010   Code   RO         5055    i.vTaskInternalSetTimeOutState  tasks.o
    0x08004f74   0x08004f74   0x0000000c   Code   RO         5056    i.vTaskMissedYield  tasks.o
    0x08004f80   0x08004f80   0x00000024   Code   RO         5058    i.vTaskPlaceOnEventList  tasks.o
    0x08004fa4   0x08004fa4   0x00000030   Code   RO         5059    i.vTaskPlaceOnEventListRestricted  tasks.o
    0x08004fd4   0x08004fd4   0x00000070   Code   RO         5061    i.vTaskPriorityDisinheritAfterTimeout  tasks.o
    0x08005044   0x08005044   0x00000054   Code   RO         5066    i.vTaskStartScheduler  tasks.o
    0x08005098   0x08005098   0x00000010   Code   RO         5068    i.vTaskSuspendAll   tasks.o
    0x080050a8   0x080050a8   0x00000058   Code   RO         5069    i.vTaskSwitchContext  tasks.o
    0x08005100   0x08005100   0x00000030   Code   RO         5882    i.xPortStartScheduler  port.o
    0x08005130   0x08005130   0x00000036   Code   RO         4748    i.xQueueGenericCreate  queue.o
    0x08005166   0x08005166   0x0000006c   Code   RO         4749    i.xQueueGenericReset  queue.o
    0x080051d2   0x080051d2   0x00000118   Code   RO         4750    i.xQueueGenericSend  queue.o
    0x080052ea   0x080052ea   0x0000008e   Code   RO         4751    i.xQueueGenericSendFromISR  queue.o
    0x08005378   0x08005378   0x00000102   Code   RO         4757    i.xQueueReceive     queue.o
    0x0800547a   0x0800547a   0x00000078   Code   RO         4758    i.xQueueReceiveFromISR  queue.o
    0x080054f2   0x080054f2   0x00000140   Code   RO         4759    i.xQueueSemaphoreTake  queue.o
    0x08005632   0x08005632   0x00000002   PAD
    0x08005634   0x08005634   0x0000005c   Code   RO         5071    i.xTaskCheckForTimeOut  tasks.o
    0x08005690   0x08005690   0x0000004e   Code   RO         5072    i.xTaskCreate       tasks.o
    0x080056de   0x080056de   0x00000002   PAD
    0x080056e0   0x080056e0   0x00000020   Code   RO         5076    i.xTaskGetSchedulerState  tasks.o
    0x08005700   0x08005700   0x0000000c   Code   RO         5077    i.xTaskGetTickCount  tasks.o
    0x0800570c   0x0800570c   0x000000bc   Code   RO         5079    i.xTaskIncrementTick  tasks.o
    0x080057c8   0x080057c8   0x00000068   Code   RO         5082    i.xTaskPriorityDisinherit  tasks.o
    0x08005830   0x08005830   0x00000078   Code   RO         5083    i.xTaskPriorityInherit  tasks.o
    0x080058a8   0x080058a8   0x00000064   Code   RO         5084    i.xTaskRemoveFromEventList  tasks.o
    0x0800590c   0x0800590c   0x000000ac   Code   RO         5085    i.xTaskResumeAll    tasks.o
    0x080059b8   0x080059b8   0x00000058   Code   RO         5357    i.xTimerCreate      timers.o
    0x08005a10   0x08005a10   0x00000040   Code   RO         5358    i.xTimerCreateTimerTask  timers.o
    0x08005a50   0x08005a50   0x00000050   Code   RO         5359    i.xTimerGenericCommand  timers.o
    0x08005aa0   0x08005aa0   0x00001001   Data   RO          267    .constdata          charfont.o
    0x08006aa1   0x08006aa1   0x00000003   PAD
    0x08006aa4   0x08006aa4   0x00000040   Data   RO          448    .constdata          app_freertos.o
    0x08006ae4   0x08006ae4   0x00000018   Data   RO         4117    .constdata          stm32g0xx_hal_uart.o
    0x08006afc   0x08006afc   0x00000010   Data   RO         4479    .constdata          stm32g0xx_hal_uart_ex.o
    0x08006b0c   0x08006b0c   0x00000040   Data   RO         4580    .constdata          system_stm32g0xx.o
    0x08006b4c   0x08006b4c   0x00000020   Data   RO         4581    .constdata          system_stm32g0xx.o
    0x08006b6c   0x08006b6c   0x00000024   Data   RO          449    .conststring        app_freertos.o
    0x08006b90   0x08006b90   0x00000020   Data   RO         6259    Region$$Table       anon$$obj.o


    Execution Region RW_IRAM1 (Exec base: 0x20000000, Load base: 0x08006bb0, Size: 0x00001958, Max: 0x00002000, ABSOLUTE)

    Exec Addr    Load Addr    Size         Type   Attr      Idx    E Section Name        Object

    0x20000000   0x08006bb0   0x00000050   Data   RW           26    .data               lcddemo.o
    0x20000050   0x08006c00   0x00000001   Data   RW          333    .data               main.o
    0x20000051   0x08006c01   0x00000003   PAD
    0x20000054   0x08006c04   0x00000024   Data   RW          450    .data               app_freertos.o
    0x20000078   0x08006c28   0x0000000c   Data   RW         2020    .data               stm32g0xx_hal.o
    0x20000084   0x08006c34   0x00000004   Data   RW         4582    .data               system_stm32g0xx.o
    0x20000088   0x08006c38   0x0000003c   Data   RW         5088    .data               tasks.o
    0x200000c4   0x08006c74   0x00000014   Data   RW         5365    .data               timers.o
    0x200000d8   0x08006c88   0x00000020   Data   RW         5826    .data               heap_4.o
    0x200000f8   0x08006ca8   0x00000004   Data   RW         5883    .data               port.o
    0x200000fc   0x08006cac   0x00000004   Data   RW         6233    .data               mc_p.l(stdout.o)
    0x20000100        -       0x00000064   Zero   RW          515    .bss                adc.o
    0x20000164        -       0x0000002c   Zero   RW          553    .bss                rtc.o
    0x20000190        -       0x00000064   Zero   RW          591    .bss                spi.o
    0x200001f4        -       0x00000098   Zero   RW          633    .bss                tim.o
    0x2000028c        -       0x00000128   Zero   RW          692    .bss                usart.o
    0x200003b4        -       0x0000004c   Zero   RW          803    .bss                stm32g0xx_hal_timebase_tim.o
    0x20000400        -       0x00000040   Zero   RW         4760    .bss                queue.o
    0x20000440        -       0x000000f0   Zero   RW         5087    .bss                tasks.o
    0x20000530        -       0x00000028   Zero   RW         5364    .bss                timers.o
    0x20000558        -       0x00001000   Zero   RW         5825    .bss                heap_4.o
    0x20001558        -       0x00000400   Zero   RW            1    STACK               startup_stm32g030xx.o


==============================================================================

Image component sizes


      Code (inc. data)   RO Data    RW Data    ZI Data      Debug   Object Name

       196         18          0          0        100       1641   adc.o
       428         48        100         36          0       4851   app_freertos.o
         0          0       4097          0          0        427   charfont.o
       270         12          0          0          0      12619   cmsis_os.o
       392         62          0          0          0       3653   dht.o
         0          0          0          0          0       2456   event_groups.o
       180          8          0          0          0        919   gpio.o
       400         22          0         32       4096       4235   heap_4.o
      1286        134          0         80          0     437877   lcddemo.o
       138          0          0          0          0       3322   list.o
       238         18          0          1          0      23186   main.o
       374         56          0          4          0       7311   port.o
      1676          4          0          0         64      17179   queue.o
       228         18          0          0         44       1667   rtc.o
       172         22          0          0        100       1601   spi.o
        28          8        192          0       1024        624   startup_stm32g030xx.o
       104         18          0         12          0      15346   stm32g0xx_hal.o
      1920         94          0          0          0      43925   stm32g0xx_hal_adc.o
       304         14          0          0          0      34174   stm32g0xx_hal_adc_ex.o
       100         14          0          0          0      11308   stm32g0xx_hal_cortex.o
       240         10          0          0          0       1903   stm32g0xx_hal_dma.o
         0          0          0          0          0       2708   stm32g0xx_hal_flash.o
       428         22          0          0          0       4264   stm32g0xx_hal_gpio.o
        52          4          0          0          0        818   stm32g0xx_hal_msp.o
        76         14          0          0          0        734   stm32g0xx_hal_pwr_ex.o
      1564         96          0          0          0      20970   stm32g0xx_hal_rcc.o
       332         12          0          0          0       1616   stm32g0xx_hal_rcc_ex.o
       920         24          0          0          0       7871   stm32g0xx_hal_rtc.o
      1066          8          0          0          0       5902   stm32g0xx_hal_spi.o
      2046        174          0          0          0      14793   stm32g0xx_hal_tim.o
       106         10          0          0          0       2944   stm32g0xx_hal_tim_ex.o
       156         24          0          0         76       1452   stm32g0xx_hal_timebase_tim.o
      2060         60         24          0          0      32476   stm32g0xx_hal_uart.o
       276          6         16          0          0       5122   stm32g0xx_hal_uart_ex.o
        48         12          0          0          0       2183   stm32g0xx_it.o
         2          0         96          4          0       1099   system_stm32g0xx.o
      1914        160          0         60        240      24785   tasks.o
       328         52          0          0        152       3201   tim.o
       932         80          0         20         40      12270   timers.o
       372         32          0          0        296       2343   usart.o

    ----------------------------------------------------------------------
     21400       1370       4560        252       6232     777775   Object Totals
         0          0         32          0          0          0   (incl. Generated)
        48          0          3          3          0          0   (incl. Padding)

    ----------------------------------------------------------------------

      Code (inc. data)   RO Data    RW Data    ZI Data      Debug   Library Member Name

         0          0          0          0          0          0   entry.o
         0          0          0          0          0          0   entry10a.o
         0          0          0          0          0          0   entry11a.o
         8          4          0          0          0          0   entry2.o
         4          0          0          0          0          0   entry5.o
         0          0          0          0          0          0   entry7b.o
         0          0          0          0          0          0   entry8b.o
         8          4          0          0          0          0   entry9a.o
        30          0          0          0          0          0   handlers.o
        36          8          0          0          0         68   init.o
        32          0          0          0          0         68   llshl.o
        34          0          0          0          0         68   llushr.o
        36          0          0          0          0         60   memcpya.o
        36          0          0          0          0        100   memseta.o
      1222         56          0          0          0        468   printf8.o
         0          0          0          4          0          0   stdout.o
        14          0          0          0          0         60   strlen.o
        44          0          0          0          0         72   uidiv.o
        96          0          0          0          0         84   uldiv.o

    ----------------------------------------------------------------------
      1608         72          0          4          0       1048   Library Totals
         8          0          0          0          0          0   (incl. Padding)

    ----------------------------------------------------------------------

      Code (inc. data)   RO Data    RW Data    ZI Data      Debug   Library Name

      1600         72          0          4          0       1048   mc_p.l

    ----------------------------------------------------------------------
      1608         72          0          4          0       1048   Library Totals

    ----------------------------------------------------------------------

==============================================================================


      Code (inc. data)   RO Data    RW Data    ZI Data      Debug   

     23008       1442       4560        256       6232     768803   Grand Totals
     23008       1442       4560        256       6232     768803   ELF Image Totals
     23008       1442       4560        256          0          0   ROM Totals

==============================================================================

    Total RO  Size (Code + RO Data)                27568 (  26.92kB)
    Total RW  Size (RW Data + ZI Data)              6488 (   6.34kB)
    Total ROM Size (Code + RO Data + RW Data)      27824 (  27.17kB)

==============================================================================

