<html>
<body>
<pre>
<h1>µVision Build Log</h1>
<h2>Tool Versions:</h2>
IDE-Version: ¦ÌVision V5.24.2.0
Copyright (C) 2017 ARM Ltd and ARM Germany GmbH. All rights reserved.
License Information: A 2715407814@qq.com, A, LIC=ZB4EI-TXR0F-2ZJW4-FM9T3-S94M9-1NGG1
 
Tool Versions:
Toolchain:       MDK-ARM Plus  Version: 5.24.1
Toolchain Path:  C:\Keil_v5\ARM\ARMCC\Bin
C Compiler:      Armcc.exe V5.06 update 5 (build 528)
Assembler:       Armasm.exe V5.06 update 5 (build 528)
Linker/Locator:  ArmLink.exe V5.06 update 5 (build 528)
Library Manager: ArmAr.exe V5.06 update 5 (build 528)
Hex Converter:   FromElf.exe V5.06 update 5 (build 528)
CPU DLL:         SARMCM3.DLL V5.24.1
Dialog DLL:      DARMCM1.DLL V1.18.0.0
Target DLL:      STLink\ST-LINKIII-KEIL_SWO.dll V3.0.1.0
Dialog DLL:      TARMCM1.DLL V1.13.0.0
 
<h2>Project:</h2>
C:\Users\27154\Desktop\stm32 project\projectaaa\MDK-ARM\projectaaa.uvprojx
Project File Date:  09/13/2024

<h2>Output:</h2>
*** Using Compiler 'V5.06 update 5 (build 528)', folder: 'C:\Keil_v5\ARM\ARMCC\Bin'
Rebuild target 'projectaaa'
assembling startup_stm32g030xx.s...
compiling charfont.c...
compiling rtc.c...
compiling dht.c...
compiling spi.c...
compiling main.c...
../Core/Src/lcddemo.h(24): warning:  #1295-D: Deprecated declaration lcdyemian - give arg types
  extern void lcdyemian();
../Core/Src/lcddemo.h(25): warning:  #1295-D: Deprecated declaration lcdcaidan - give arg types
  extern void lcdcaidan();
../Core/Src/lcddemo.h(26): warning:  #1295-D: Deprecated declaration menu - give arg types
  extern void menu();
../Core/Src/lcddemo.h(28): warning:  #1295-D: Deprecated declaration dht11get - give arg types
  extern void dht11get();
../Core/Src/main.c: 4 warnings, 0 errors
compiling usart.c...
compiling tim.c...
compiling gpio.c...
compiling adc.c...
compiling stm32g0xx_it.c...
compiling app_freertos.c...
../Core/Src/lcddemo.h(24): warning:  #1295-D: Deprecated declaration lcdyemian - give arg types
  extern void lcdyemian();
../Core/Src/lcddemo.h(25): warning:  #1295-D: Deprecated declaration lcdcaidan - give arg types
  extern void lcdcaidan();
../Core/Src/lcddemo.h(26): warning:  #1295-D: Deprecated declaration menu - give arg types
  extern void menu();
../Core/Src/lcddemo.h(28): warning:  #1295-D: Deprecated declaration dht11get - give arg types
  extern void dht11get();
../Core/Src/app_freertos.c(342): warning:  #111-D: statement is unreachable
  	osSemaphoreRelease(myBinarySem01Handle);	
../Core/Src/app_freertos.c: 5 warnings, 0 errors
compiling lcddemo.c...
..\Core\Src\lcddemo.h(24): warning:  #1295-D: Deprecated declaration lcdyemian - give arg types
  extern void lcdyemian();
..\Core\Src\lcddemo.h(25): warning:  #1295-D: Deprecated declaration lcdcaidan - give arg types
  extern void lcdcaidan();
..\Core\Src\lcddemo.h(26): warning:  #1295-D: Deprecated declaration menu - give arg types
  extern void menu();
..\Core\Src\lcddemo.h(28): warning:  #1295-D: Deprecated declaration dht11get - give arg types
  extern void dht11get();
..\Core\Src\lcddemo.c: 4 warnings, 0 errors
compiling stm32g0xx_ll_adc.c...
compiling stm32g0xx_ll_rcc.c...
compiling stm32g0xx_hal_flash.c...
compiling stm32g0xx_hal_timebase_tim.c...
compiling stm32g0xx_ll_dma.c...
compiling stm32g0xx_hal_dma_ex.c...
compiling stm32g0xx_hal_msp.c...
compiling stm32g0xx_hal_adc_ex.c...
compiling stm32g0xx_hal_flash_ex.c...
compiling stm32g0xx_hal_gpio.c...
compiling stm32g0xx_hal_rcc_ex.c...
compiling stm32g0xx_hal_dma.c...
compiling stm32g0xx_hal_rcc.c...
compiling stm32g0xx_hal_adc.c...
compiling stm32g0xx_hal_spi_ex.c...
compiling stm32g0xx_hal_cortex.c...
compiling stm32g0xx_hal_exti.c...
compiling stm32g0xx_hal_pwr.c...
compiling stm32g0xx_hal_pwr_ex.c...
compiling stm32g0xx_hal_rtc.c...
compiling stm32g0xx_hal.c...
compiling croutine.c...
compiling stm32g0xx_hal_rtc_ex.c...
compiling event_groups.c...
compiling list.c...
compiling stm32g0xx_hal_spi.c...
compiling stm32g0xx_hal_tim_ex.c...
compiling queue.c...
compiling stream_buffer.c...
compiling timers.c...
compiling heap_4.c...
compiling tasks.c...
compiling port.c...
compiling cmsis_os.c...
compiling stm32g0xx_hal_tim.c...
compiling stm32g0xx_hal_uart_ex.c...
compiling system_stm32g0xx.c...
compiling stm32g0xx_hal_uart.c...
linking...
Program Size: Code=23008 RO-data=4560 RW-data=256 ZI-data=6232  
FromELF: creating hex file...
"projectaaa\projectaaa.axf" - 0 Error(s), 13 Warning(s).

<h2>Software Packages used:</h2>

Package Vendor: ARM
                http://www.keil.com/pack/ARM.CMSIS.5.0.1.pack
                ARM.CMSIS.5.0.1
                CMSIS (Cortex Microcontroller Software Interface Standard)
   * Component: CORE Version: 5.0.1

Package Vendor: Keil
                http://www.keil.com/pack/Keil.STM32G0xx_DFP.1.4.0.pack
                Keil.STM32G0xx_DFP.1.4.0
                STMicroelectronics STM32G0 Series Device Support

<h2>Collection of Component include folders:</h2>
  .\RTE\_projectaaa
  C:\Keil_v5\ARM\PACK\ARM\CMSIS\5.0.1\CMSIS\Include
  C:\Keil_v5\ARM\PACK\Keil\STM32G0xx_DFP\1.4.0\Drivers\CMSIS\Device\ST\STM32G0xx\Include

<h2>Collection of Component Files used:</h2>

   * Component: ARM::CMSIS:CORE:5.0.1
Build Time Elapsed:  00:00:12
</pre>
</body>
</html>
